DEBUG - 2026-03-21 08:46:16 --> Session: Class initialized using 'CodeIgniter\Session\Handlers\FileHandler' driver.
DEBUG - 2026-03-21 14:16:39 --> Session: Class initialized using 'CodeIgniter\Session\Handlers\FileHandler' driver.
DEBUG - 2026-03-21 08:46:39 --> Session: Class initialized using 'CodeIgniter\Session\Handlers\FileHandler' driver.
DEBUG - 2026-03-21 08:46:43 --> Session: Class initialized using 'CodeIgniter\Session\Handlers\FileHandler' driver.
DEBUG - 2026-03-21 08:46:45 --> Session: Class initialized using 'CodeIgniter\Session\Handlers\FileHandler' driver.
DEBUG - 2026-03-21 08:46:48 --> Session: Class initialized using 'CodeIgniter\Session\Handlers\FileHandler' driver.
DEBUG - 2026-03-21 08:46:52 --> Session: Class initialized using 'CodeIgniter\Session\Handlers\FileHandler' driver.
DEBUG - 2026-03-21 08:46:58 --> Session: Class initialized using 'CodeIgniter\Session\Handlers\FileHandler' driver.
DEBUG - 2026-03-21 08:47:03 --> Session: Class initialized using 'CodeIgniter\Session\Handlers\FileHandler' driver.
DEBUG - 2026-03-21 08:47:05 --> Session: Class initialized using 'CodeIgniter\Session\Handlers\FileHandler' driver.
DEBUG - 2026-03-21 08:47:09 --> Session: Class initialized using 'CodeIgniter\Session\Handlers\FileHandler' driver.
DEBUG - 2026-03-21 08:47:10 --> Session: Class initialized using 'CodeIgniter\Session\Handlers\FileHandler' driver.
DEBUG - 2026-03-21 08:47:13 --> Session: Class initialized using 'CodeIgniter\Session\Handlers\FileHandler' driver.
DEBUG - 2026-03-21 08:47:14 --> Session: Class initialized using 'CodeIgniter\Session\Handlers\FileHandler' driver.
DEBUG - 2026-03-21 08:47:17 --> Session: Class initialized using 'CodeIgniter\Session\Handlers\FileHandler' driver.
DEBUG - 2026-03-21 08:47:18 --> Session: Class initialized using 'CodeIgniter\Session\Handlers\FileHandler' driver.
DEBUG - 2026-03-21 08:47:21 --> Session: Class initialized using 'CodeIgniter\Session\Handlers\FileHandler' driver.
DEBUG - 2026-03-21 08:47:23 --> Session: Class initialized using 'CodeIgniter\Session\Handlers\FileHandler' driver.
DEBUG - 2026-03-21 08:47:25 --> Session: Class initialized using 'CodeIgniter\Session\Handlers\FileHandler' driver.
DEBUG - 2026-03-21 09:03:57 --> Session: Class initialized using 'CodeIgniter\Session\Handlers\FileHandler' driver.
DEBUG - 2026-03-21 09:06:37 --> Session: Class initialized using 'CodeIgniter\Session\Handlers\FileHandler' driver.
DEBUG - 2026-03-21 09:11:30 --> Session: Class initialized using 'CodeIgniter\Session\Handlers\FileHandler' driver.
DEBUG - 2026-03-21 09:16:47 --> Session: Class initialized using 'CodeIgniter\Session\Handlers\FileHandler' driver.
DEBUG - 2026-03-21 09:20:59 --> Session: Class initialized using 'CodeIgniter\Session\Handlers\FileHandler' driver.
DEBUG - 2026-03-21 09:22:10 --> Session: Class initialized using 'CodeIgniter\Session\Handlers\FileHandler' driver.
DEBUG - 2026-03-21 09:22:10 --> Session: Class initialized using 'CodeIgniter\Session\Handlers\FileHandler' driver.
DEBUG - 2026-03-21 09:22:23 --> Session: Class initialized using 'CodeIgniter\Session\Handlers\FileHandler' driver.
DEBUG - 2026-03-21 09:22:23 --> Session: Class initialized using 'CodeIgniter\Session\Handlers\FileHandler' driver.
DEBUG - 2026-03-21 09:22:26 --> Session: Class initialized using 'CodeIgniter\Session\Handlers\FileHandler' driver.
DEBUG - 2026-03-21 09:23:25 --> Session: Class initialized using 'CodeIgniter\Session\Handlers\FileHandler' driver.
DEBUG - 2026-03-21 09:23:25 --> Session: Class initialized using 'CodeIgniter\Session\Handlers\FileHandler' driver.
DEBUG - 2026-03-21 09:23:31 --> Session: Class initialized using 'CodeIgniter\Session\Handlers\FileHandler' driver.
DEBUG - 2026-03-21 09:23:31 --> Session: Class initialized using 'CodeIgniter\Session\Handlers\FileHandler' driver.
DEBUG - 2026-03-21 09:23:37 --> Session: Class initialized using 'CodeIgniter\Session\Handlers\FileHandler' driver.
DEBUG - 2026-03-21 09:25:46 --> Session: Class initialized using 'CodeIgniter\Session\Handlers\FileHandler' driver.
DEBUG - 2026-03-21 09:28:01 --> Session: Class initialized using 'CodeIgniter\Session\Handlers\FileHandler' driver.
DEBUG - 2026-03-21 14:58:05 --> Session: Class initialized using 'CodeIgniter\Session\Handlers\FileHandler' driver.
DEBUG - 2026-03-21 09:28:05 --> Session: Class initialized using 'CodeIgniter\Session\Handlers\FileHandler' driver.
DEBUG - 2026-03-21 09:28:12 --> Session: Class initialized using 'CodeIgniter\Session\Handlers\FileHandler' driver.
DEBUG - 2026-03-21 09:28:13 --> Session: Class initialized using 'CodeIgniter\Session\Handlers\FileHandler' driver.
DEBUG - 2026-03-21 09:29:47 --> Session: Class initialized using 'CodeIgniter\Session\Handlers\FileHandler' driver.
DEBUG - 2026-03-21 09:36:20 --> Session: Class initialized using 'CodeIgniter\Session\Handlers\FileHandler' driver.
DEBUG - 2026-03-21 09:36:22 --> Session: Class initialized using 'CodeIgniter\Session\Handlers\FileHandler' driver.
DEBUG - 2026-03-21 09:36:25 --> Session: Class initialized using 'CodeIgniter\Session\Handlers\FileHandler' driver.
DEBUG - 2026-03-21 09:36:26 --> Session: Class initialized using 'CodeIgniter\Session\Handlers\FileHandler' driver.
DEBUG - 2026-03-21 09:36:27 --> Session: Class initialized using 'CodeIgniter\Session\Handlers\FileHandler' driver.
DEBUG - 2026-03-21 09:36:28 --> Session: Class initialized using 'CodeIgniter\Session\Handlers\FileHandler' driver.
DEBUG - 2026-03-21 09:36:29 --> Session: Class initialized using 'CodeIgniter\Session\Handlers\FileHandler' driver.
DEBUG - 2026-03-21 09:36:29 --> Session: Class initialized using 'CodeIgniter\Session\Handlers\FileHandler' driver.
DEBUG - 2026-03-21 09:36:35 --> Session: Class initialized using 'CodeIgniter\Session\Handlers\FileHandler' driver.
DEBUG - 2026-03-21 09:36:40 --> Session: Class initialized using 'CodeIgniter\Session\Handlers\FileHandler' driver.
DEBUG - 2026-03-21 09:42:04 --> Session: Class initialized using 'CodeIgniter\Session\Handlers\FileHandler' driver.
DEBUG - 2026-03-21 09:42:05 --> Session: Class initialized using 'CodeIgniter\Session\Handlers\FileHandler' driver.
DEBUG - 2026-03-21 09:42:07 --> Session: Class initialized using 'CodeIgniter\Session\Handlers\FileHandler' driver.
DEBUG - 2026-03-21 09:42:07 --> Session: Class initialized using 'CodeIgniter\Session\Handlers\FileHandler' driver.
DEBUG - 2026-03-21 09:42:08 --> Session: Class initialized using 'CodeIgniter\Session\Handlers\FileHandler' driver.
DEBUG - 2026-03-21 09:42:09 --> Session: Class initialized using 'CodeIgniter\Session\Handlers\FileHandler' driver.
DEBUG - 2026-03-21 09:42:48 --> Session: Class initialized using 'CodeIgniter\Session\Handlers\FileHandler' driver.
DEBUG - 2026-03-21 09:44:30 --> Session: Class initialized using 'CodeIgniter\Session\Handlers\FileHandler' driver.
DEBUG - 2026-03-21 09:44:31 --> Session: Class initialized using 'CodeIgniter\Session\Handlers\FileHandler' driver.
DEBUG - 2026-03-21 09:44:33 --> Session: Class initialized using 'CodeIgniter\Session\Handlers\FileHandler' driver.
DEBUG - 2026-03-21 09:44:38 --> Session: Class initialized using 'CodeIgniter\Session\Handlers\FileHandler' driver.
DEBUG - 2026-03-21 09:44:40 --> Session: Class initialized using 'CodeIgniter\Session\Handlers\FileHandler' driver.
DEBUG - 2026-03-21 09:45:32 --> Session: Class initialized using 'CodeIgniter\Session\Handlers\FileHandler' driver.
DEBUG - 2026-03-21 09:45:33 --> Session: Class initialized using 'CodeIgniter\Session\Handlers\FileHandler' driver.
DEBUG - 2026-03-21 09:45:50 --> Session: Class initialized using 'CodeIgniter\Session\Handlers\FileHandler' driver.
DEBUG - 2026-03-21 09:46:29 --> Session: Class initialized using 'CodeIgniter\Session\Handlers\FileHandler' driver.
DEBUG - 2026-03-21 09:46:29 --> Session: Class initialized using 'CodeIgniter\Session\Handlers\FileHandler' driver.
DEBUG - 2026-03-21 09:46:39 --> Session: Class initialized using 'CodeIgniter\Session\Handlers\FileHandler' driver.
DEBUG - 2026-03-21 09:48:05 --> Session: Class initialized using 'CodeIgniter\Session\Handlers\FileHandler' driver.
DEBUG - 2026-03-21 09:48:14 --> Session: Class initialized using 'CodeIgniter\Session\Handlers\FileHandler' driver.
DEBUG - 2026-03-21 09:48:14 --> Session: Class initialized using 'CodeIgniter\Session\Handlers\FileHandler' driver.
DEBUG - 2026-03-21 09:48:37 --> Session: Class initialized using 'CodeIgniter\Session\Handlers\FileHandler' driver.
ERROR - 2026-03-21 09:48:37 --> Table 'um_database.shipping' doesn't exist
in SYSTEMPATH\Database\MySQLi\Connection.php on line 300.
 1 SYSTEMPATH\Database\MySQLi\Connection.php(300): mysqli->query('INSERT INTO `shipping` (`gfj_no`, `product_name`, `sales_rep`, `client_name`, `details`, `tracking_no`, `system_type`) VALUES (\'GFJ20260321094814500\', \'cdcdcddd\', \'Rahul\', \'Client A\', \'wdweeee\', \'TRK094814816\', \'1\')', 0)
 2 SYSTEMPATH\Database\BaseConnection.php(769): CodeIgniter\Database\MySQLi\Connection->execute('INSERT INTO `shipping` (`gfj_no`, `product_name`, `sales_rep`, `client_name`, `details`, `tracking_no`, `system_type`) VALUES (\'GFJ20260321094814500\', \'cdcdcddd\', \'Rahul\', \'Client A\', \'wdweeee\', \'TRK094814816\', \'1\')')
 3 SYSTEMPATH\Database\BaseConnection.php(686): CodeIgniter\Database\BaseConnection->simpleQuery('INSERT INTO `shipping` (`gfj_no`, `product_name`, `sales_rep`, `client_name`, `details`, `tracking_no`, `system_type`) VALUES (\'GFJ20260321094814500\', \'cdcdcddd\', \'Rahul\', \'Client A\', \'wdweeee\', \'TRK094814816\', \'1\')')
 4 SYSTEMPATH\Database\BaseBuilder.php(2345): CodeIgniter\Database\BaseConnection->query('INSERT INTO `shipping` (`gfj_no`, `product_name`, `sales_rep`, `client_name`, `details`, `tracking_no`, `system_type`) VALUES (:gfj_no:, :product_name:, :sales_rep:, :client_name:, :details:, :tracking_no:, :system_type:)', [...], false)
 5 SYSTEMPATH\Model.php(356): CodeIgniter\Database\BaseBuilder->insert()
 6 SYSTEMPATH\BaseModel.php(898): CodeIgniter\Model->doInsert([...])
 7 SYSTEMPATH\Model.php(665): CodeIgniter\BaseModel->insert([...], false)
 8 SYSTEMPATH\BaseModel.php(751): CodeIgniter\Model->insert([...], false)
 9 APPPATH\Controllers\Shipping.php(50): CodeIgniter\BaseModel->save([...])
10 SYSTEMPATH\CodeIgniter.php(951): App\Controllers\Shipping->save()
11 SYSTEMPATH\CodeIgniter.php(497): CodeIgniter\CodeIgniter->runController(Object(App\Controllers\Shipping))
12 SYSTEMPATH\CodeIgniter.php(340): CodeIgniter\CodeIgniter->handleRequest(null, Object(Config\Cache), false)
13 SYSTEMPATH\Boot.php(417): CodeIgniter\CodeIgniter->run()
14 SYSTEMPATH\Boot.php(68): CodeIgniter\Boot::runCodeIgniter(Object(CodeIgniter\CodeIgniter))
15 FCPATH\index.php(59): CodeIgniter\Boot::bootWeb(Object(Config\Paths))
CRITICAL - 2026-03-21 09:48:37 --> CodeIgniter\Database\Exceptions\DatabaseException: Table 'um_database.shipping' doesn't exist
[Method: POST, Route: shipping/save]
in SYSTEMPATH\Database\BaseConnection.php on line 724.
 1 SYSTEMPATH\Database\BaseBuilder.php(2345): CodeIgniter\Database\BaseConnection->query('INSERT INTO `shipping` (`gfj_no`, `product_name`, `sales_rep`, `client_name`, `details`, `tracking_no`, `system_type`) VALUES (:gfj_no:, :product_name:, :sales_rep:, :client_name:, :details:, :tracking_no:, :system_type:)', [...], false)
 2 SYSTEMPATH\Model.php(356): CodeIgniter\Database\BaseBuilder->insert()
 3 SYSTEMPATH\BaseModel.php(898): CodeIgniter\Model->doInsert([...])
 4 SYSTEMPATH\Model.php(665): CodeIgniter\BaseModel->insert([...], false)
 5 SYSTEMPATH\BaseModel.php(751): CodeIgniter\Model->insert([...], false)
 6 APPPATH\Controllers\Shipping.php(50): CodeIgniter\BaseModel->save([...])
 7 SYSTEMPATH\CodeIgniter.php(951): App\Controllers\Shipping->save()
 8 SYSTEMPATH\CodeIgniter.php(497): CodeIgniter\CodeIgniter->runController(Object(App\Controllers\Shipping))
 9 SYSTEMPATH\CodeIgniter.php(340): CodeIgniter\CodeIgniter->handleRequest(null, Object(Config\Cache), false)
10 SYSTEMPATH\Boot.php(417): CodeIgniter\CodeIgniter->run()
11 SYSTEMPATH\Boot.php(68): CodeIgniter\Boot::runCodeIgniter(Object(CodeIgniter\CodeIgniter))
12 FCPATH\index.php(59): CodeIgniter\Boot::bootWeb(Object(Config\Paths))
CRITICAL - 2026-03-21 09:48:37 --> [Caused by] CodeIgniter\Database\Exceptions\DatabaseException: Table 'um_database.shipping' doesn't exist
in SYSTEMPATH\Database\MySQLi\Connection.php on line 310.
 1 SYSTEMPATH\Database\BaseConnection.php(769): CodeIgniter\Database\MySQLi\Connection->execute('INSERT INTO `shipping` (`gfj_no`, `product_name`, `sales_rep`, `client_name`, `details`, `tracking_no`, `system_type`) VALUES (\'GFJ20260321094814500\', \'cdcdcddd\', \'Rahul\', \'Client A\', \'wdweeee\', \'TRK094814816\', \'1\')')
 2 SYSTEMPATH\Database\BaseConnection.php(686): CodeIgniter\Database\BaseConnection->simpleQuery('INSERT INTO `shipping` (`gfj_no`, `product_name`, `sales_rep`, `client_name`, `details`, `tracking_no`, `system_type`) VALUES (\'GFJ20260321094814500\', \'cdcdcddd\', \'Rahul\', \'Client A\', \'wdweeee\', \'TRK094814816\', \'1\')')
 3 SYSTEMPATH\Database\BaseBuilder.php(2345): CodeIgniter\Database\BaseConnection->query('INSERT INTO `shipping` (`gfj_no`, `product_name`, `sales_rep`, `client_name`, `details`, `tracking_no`, `system_type`) VALUES (:gfj_no:, :product_name:, :sales_rep:, :client_name:, :details:, :tracking_no:, :system_type:)', [...], false)
 4 SYSTEMPATH\Model.php(356): CodeIgniter\Database\BaseBuilder->insert()
 5 SYSTEMPATH\BaseModel.php(898): CodeIgniter\Model->doInsert([...])
 6 SYSTEMPATH\Model.php(665): CodeIgniter\BaseModel->insert([...], false)
 7 SYSTEMPATH\BaseModel.php(751): CodeIgniter\Model->insert([...], false)
 8 APPPATH\Controllers\Shipping.php(50): CodeIgniter\BaseModel->save([...])
 9 SYSTEMPATH\CodeIgniter.php(951): App\Controllers\Shipping->save()
10 SYSTEMPATH\CodeIgniter.php(497): CodeIgniter\CodeIgniter->runController(Object(App\Controllers\Shipping))
11 SYSTEMPATH\CodeIgniter.php(340): CodeIgniter\CodeIgniter->handleRequest(null, Object(Config\Cache), false)
12 SYSTEMPATH\Boot.php(417): CodeIgniter\CodeIgniter->run()
13 SYSTEMPATH\Boot.php(68): CodeIgniter\Boot::runCodeIgniter(Object(CodeIgniter\CodeIgniter))
14 FCPATH\index.php(59): CodeIgniter\Boot::bootWeb(Object(Config\Paths))
CRITICAL - 2026-03-21 09:48:37 --> [Caused by] mysqli_sql_exception: Table 'um_database.shipping' doesn't exist
in SYSTEMPATH\Database\MySQLi\Connection.php on line 300.
 1 SYSTEMPATH\Database\MySQLi\Connection.php(300): mysqli->query('INSERT INTO `shipping` (`gfj_no`, `product_name`, `sales_rep`, `client_name`, `details`, `tracking_no`, `system_type`) VALUES (\'GFJ20260321094814500\', \'cdcdcddd\', \'Rahul\', \'Client A\', \'wdweeee\', \'TRK094814816\', \'1\')', 0)
 2 SYSTEMPATH\Database\BaseConnection.php(769): CodeIgniter\Database\MySQLi\Connection->execute('INSERT INTO `shipping` (`gfj_no`, `product_name`, `sales_rep`, `client_name`, `details`, `tracking_no`, `system_type`) VALUES (\'GFJ20260321094814500\', \'cdcdcddd\', \'Rahul\', \'Client A\', \'wdweeee\', \'TRK094814816\', \'1\')')
 3 SYSTEMPATH\Database\BaseConnection.php(686): CodeIgniter\Database\BaseConnection->simpleQuery('INSERT INTO `shipping` (`gfj_no`, `product_name`, `sales_rep`, `client_name`, `details`, `tracking_no`, `system_type`) VALUES (\'GFJ20260321094814500\', \'cdcdcddd\', \'Rahul\', \'Client A\', \'wdweeee\', \'TRK094814816\', \'1\')')
 4 SYSTEMPATH\Database\BaseBuilder.php(2345): CodeIgniter\Database\BaseConnection->query('INSERT INTO `shipping` (`gfj_no`, `product_name`, `sales_rep`, `client_name`, `details`, `tracking_no`, `system_type`) VALUES (:gfj_no:, :product_name:, :sales_rep:, :client_name:, :details:, :tracking_no:, :system_type:)', [...], false)
 5 SYSTEMPATH\Model.php(356): CodeIgniter\Database\BaseBuilder->insert()
 6 SYSTEMPATH\BaseModel.php(898): CodeIgniter\Model->doInsert([...])
 7 SYSTEMPATH\Model.php(665): CodeIgniter\BaseModel->insert([...], false)
 8 SYSTEMPATH\BaseModel.php(751): CodeIgniter\Model->insert([...], false)
 9 APPPATH\Controllers\Shipping.php(50): CodeIgniter\BaseModel->save([...])
10 SYSTEMPATH\CodeIgniter.php(951): App\Controllers\Shipping->save()
11 SYSTEMPATH\CodeIgniter.php(497): CodeIgniter\CodeIgniter->runController(Object(App\Controllers\Shipping))
12 SYSTEMPATH\CodeIgniter.php(340): CodeIgniter\CodeIgniter->handleRequest(null, Object(Config\Cache), false)
13 SYSTEMPATH\Boot.php(417): CodeIgniter\CodeIgniter->run()
14 SYSTEMPATH\Boot.php(68): CodeIgniter\Boot::runCodeIgniter(Object(CodeIgniter\CodeIgniter))
15 FCPATH\index.php(59): CodeIgniter\Boot::bootWeb(Object(Config\Paths))
DEBUG - 2026-03-21 09:48:48 --> Session: Class initialized using 'CodeIgniter\Session\Handlers\FileHandler' driver.
ERROR - 2026-03-21 09:48:48 --> Table 'um_database.shipping' doesn't exist
in SYSTEMPATH\Database\MySQLi\Connection.php on line 300.
 1 SYSTEMPATH\Database\MySQLi\Connection.php(300): mysqli->query('INSERT INTO `shipping` (`gfj_no`, `product_name`, `sales_rep`, `client_name`, `details`, `tracking_no`, `system_type`) VALUES (\'GFJ20260321094814500\', \'cdcdcddd\', \'Rahul\', \'Client A\', \'wdweeee\', \'TRK094814816\', \'1\')', 0)
 2 SYSTEMPATH\Database\BaseConnection.php(769): CodeIgniter\Database\MySQLi\Connection->execute('INSERT INTO `shipping` (`gfj_no`, `product_name`, `sales_rep`, `client_name`, `details`, `tracking_no`, `system_type`) VALUES (\'GFJ20260321094814500\', \'cdcdcddd\', \'Rahul\', \'Client A\', \'wdweeee\', \'TRK094814816\', \'1\')')
 3 SYSTEMPATH\Database\BaseConnection.php(686): CodeIgniter\Database\BaseConnection->simpleQuery('INSERT INTO `shipping` (`gfj_no`, `product_name`, `sales_rep`, `client_name`, `details`, `tracking_no`, `system_type`) VALUES (\'GFJ20260321094814500\', \'cdcdcddd\', \'Rahul\', \'Client A\', \'wdweeee\', \'TRK094814816\', \'1\')')
 4 SYSTEMPATH\Database\BaseBuilder.php(2345): CodeIgniter\Database\BaseConnection->query('INSERT INTO `shipping` (`gfj_no`, `product_name`, `sales_rep`, `client_name`, `details`, `tracking_no`, `system_type`) VALUES (:gfj_no:, :product_name:, :sales_rep:, :client_name:, :details:, :tracking_no:, :system_type:)', [...], false)
 5 SYSTEMPATH\Model.php(356): CodeIgniter\Database\BaseBuilder->insert()
 6 SYSTEMPATH\BaseModel.php(898): CodeIgniter\Model->doInsert([...])
 7 SYSTEMPATH\Model.php(665): CodeIgniter\BaseModel->insert([...], false)
 8 SYSTEMPATH\BaseModel.php(751): CodeIgniter\Model->insert([...], false)
 9 APPPATH\Controllers\Shipping.php(50): CodeIgniter\BaseModel->save([...])
10 SYSTEMPATH\CodeIgniter.php(951): App\Controllers\Shipping->save()
11 SYSTEMPATH\CodeIgniter.php(497): CodeIgniter\CodeIgniter->runController(Object(App\Controllers\Shipping))
12 SYSTEMPATH\CodeIgniter.php(340): CodeIgniter\CodeIgniter->handleRequest(null, Object(Config\Cache), false)
13 SYSTEMPATH\Boot.php(417): CodeIgniter\CodeIgniter->run()
14 SYSTEMPATH\Boot.php(68): CodeIgniter\Boot::runCodeIgniter(Object(CodeIgniter\CodeIgniter))
15 FCPATH\index.php(59): CodeIgniter\Boot::bootWeb(Object(Config\Paths))
CRITICAL - 2026-03-21 09:48:48 --> CodeIgniter\Database\Exceptions\DatabaseException: Table 'um_database.shipping' doesn't exist
[Method: POST, Route: shipping/save]
in SYSTEMPATH\Database\BaseConnection.php on line 724.
 1 SYSTEMPATH\Database\BaseBuilder.php(2345): CodeIgniter\Database\BaseConnection->query('INSERT INTO `shipping` (`gfj_no`, `product_name`, `sales_rep`, `client_name`, `details`, `tracking_no`, `system_type`) VALUES (:gfj_no:, :product_name:, :sales_rep:, :client_name:, :details:, :tracking_no:, :system_type:)', [...], false)
 2 SYSTEMPATH\Model.php(356): CodeIgniter\Database\BaseBuilder->insert()
 3 SYSTEMPATH\BaseModel.php(898): CodeIgniter\Model->doInsert([...])
 4 SYSTEMPATH\Model.php(665): CodeIgniter\BaseModel->insert([...], false)
 5 SYSTEMPATH\BaseModel.php(751): CodeIgniter\Model->insert([...], false)
 6 APPPATH\Controllers\Shipping.php(50): CodeIgniter\BaseModel->save([...])
 7 SYSTEMPATH\CodeIgniter.php(951): App\Controllers\Shipping->save()
 8 SYSTEMPATH\CodeIgniter.php(497): CodeIgniter\CodeIgniter->runController(Object(App\Controllers\Shipping))
 9 SYSTEMPATH\CodeIgniter.php(340): CodeIgniter\CodeIgniter->handleRequest(null, Object(Config\Cache), false)
10 SYSTEMPATH\Boot.php(417): CodeIgniter\CodeIgniter->run()
11 SYSTEMPATH\Boot.php(68): CodeIgniter\Boot::runCodeIgniter(Object(CodeIgniter\CodeIgniter))
12 FCPATH\index.php(59): CodeIgniter\Boot::bootWeb(Object(Config\Paths))
CRITICAL - 2026-03-21 09:48:48 --> [Caused by] CodeIgniter\Database\Exceptions\DatabaseException: Table 'um_database.shipping' doesn't exist
in SYSTEMPATH\Database\MySQLi\Connection.php on line 310.
 1 SYSTEMPATH\Database\BaseConnection.php(769): CodeIgniter\Database\MySQLi\Connection->execute('INSERT INTO `shipping` (`gfj_no`, `product_name`, `sales_rep`, `client_name`, `details`, `tracking_no`, `system_type`) VALUES (\'GFJ20260321094814500\', \'cdcdcddd\', \'Rahul\', \'Client A\', \'wdweeee\', \'TRK094814816\', \'1\')')
 2 SYSTEMPATH\Database\BaseConnection.php(686): CodeIgniter\Database\BaseConnection->simpleQuery('INSERT INTO `shipping` (`gfj_no`, `product_name`, `sales_rep`, `client_name`, `details`, `tracking_no`, `system_type`) VALUES (\'GFJ20260321094814500\', \'cdcdcddd\', \'Rahul\', \'Client A\', \'wdweeee\', \'TRK094814816\', \'1\')')
 3 SYSTEMPATH\Database\BaseBuilder.php(2345): CodeIgniter\Database\BaseConnection->query('INSERT INTO `shipping` (`gfj_no`, `product_name`, `sales_rep`, `client_name`, `details`, `tracking_no`, `system_type`) VALUES (:gfj_no:, :product_name:, :sales_rep:, :client_name:, :details:, :tracking_no:, :system_type:)', [...], false)
 4 SYSTEMPATH\Model.php(356): CodeIgniter\Database\BaseBuilder->insert()
 5 SYSTEMPATH\BaseModel.php(898): CodeIgniter\Model->doInsert([...])
 6 SYSTEMPATH\Model.php(665): CodeIgniter\BaseModel->insert([...], false)
 7 SYSTEMPATH\BaseModel.php(751): CodeIgniter\Model->insert([...], false)
 8 APPPATH\Controllers\Shipping.php(50): CodeIgniter\BaseModel->save([...])
 9 SYSTEMPATH\CodeIgniter.php(951): App\Controllers\Shipping->save()
10 SYSTEMPATH\CodeIgniter.php(497): CodeIgniter\CodeIgniter->runController(Object(App\Controllers\Shipping))
11 SYSTEMPATH\CodeIgniter.php(340): CodeIgniter\CodeIgniter->handleRequest(null, Object(Config\Cache), false)
12 SYSTEMPATH\Boot.php(417): CodeIgniter\CodeIgniter->run()
13 SYSTEMPATH\Boot.php(68): CodeIgniter\Boot::runCodeIgniter(Object(CodeIgniter\CodeIgniter))
14 FCPATH\index.php(59): CodeIgniter\Boot::bootWeb(Object(Config\Paths))
CRITICAL - 2026-03-21 09:48:48 --> [Caused by] mysqli_sql_exception: Table 'um_database.shipping' doesn't exist
in SYSTEMPATH\Database\MySQLi\Connection.php on line 300.
 1 SYSTEMPATH\Database\MySQLi\Connection.php(300): mysqli->query('INSERT INTO `shipping` (`gfj_no`, `product_name`, `sales_rep`, `client_name`, `details`, `tracking_no`, `system_type`) VALUES (\'GFJ20260321094814500\', \'cdcdcddd\', \'Rahul\', \'Client A\', \'wdweeee\', \'TRK094814816\', \'1\')', 0)
 2 SYSTEMPATH\Database\BaseConnection.php(769): CodeIgniter\Database\MySQLi\Connection->execute('INSERT INTO `shipping` (`gfj_no`, `product_name`, `sales_rep`, `client_name`, `details`, `tracking_no`, `system_type`) VALUES (\'GFJ20260321094814500\', \'cdcdcddd\', \'Rahul\', \'Client A\', \'wdweeee\', \'TRK094814816\', \'1\')')
 3 SYSTEMPATH\Database\BaseConnection.php(686): CodeIgniter\Database\BaseConnection->simpleQuery('INSERT INTO `shipping` (`gfj_no`, `product_name`, `sales_rep`, `client_name`, `details`, `tracking_no`, `system_type`) VALUES (\'GFJ20260321094814500\', \'cdcdcddd\', \'Rahul\', \'Client A\', \'wdweeee\', \'TRK094814816\', \'1\')')
 4 SYSTEMPATH\Database\BaseBuilder.php(2345): CodeIgniter\Database\BaseConnection->query('INSERT INTO `shipping` (`gfj_no`, `product_name`, `sales_rep`, `client_name`, `details`, `tracking_no`, `system_type`) VALUES (:gfj_no:, :product_name:, :sales_rep:, :client_name:, :details:, :tracking_no:, :system_type:)', [...], false)
 5 SYSTEMPATH\Model.php(356): CodeIgniter\Database\BaseBuilder->insert()
 6 SYSTEMPATH\BaseModel.php(898): CodeIgniter\Model->doInsert([...])
 7 SYSTEMPATH\Model.php(665): CodeIgniter\BaseModel->insert([...], false)
 8 SYSTEMPATH\BaseModel.php(751): CodeIgniter\Model->insert([...], false)
 9 APPPATH\Controllers\Shipping.php(50): CodeIgniter\BaseModel->save([...])
10 SYSTEMPATH\CodeIgniter.php(951): App\Controllers\Shipping->save()
11 SYSTEMPATH\CodeIgniter.php(497): CodeIgniter\CodeIgniter->runController(Object(App\Controllers\Shipping))
12 SYSTEMPATH\CodeIgniter.php(340): CodeIgniter\CodeIgniter->handleRequest(null, Object(Config\Cache), false)
13 SYSTEMPATH\Boot.php(417): CodeIgniter\CodeIgniter->run()
14 SYSTEMPATH\Boot.php(68): CodeIgniter\Boot::runCodeIgniter(Object(CodeIgniter\CodeIgniter))
15 FCPATH\index.php(59): CodeIgniter\Boot::bootWeb(Object(Config\Paths))
DEBUG - 2026-03-21 09:50:45 --> Session: Class initialized using 'CodeIgniter\Session\Handlers\FileHandler' driver.
DEBUG - 2026-03-21 09:50:51 --> Session: Class initialized using 'CodeIgniter\Session\Handlers\FileHandler' driver.
DEBUG - 2026-03-21 09:50:51 --> Session: Class initialized using 'CodeIgniter\Session\Handlers\FileHandler' driver.
DEBUG - 2026-03-21 09:50:57 --> Session: Class initialized using 'CodeIgniter\Session\Handlers\FileHandler' driver.
DEBUG - 2026-03-21 09:51:08 --> Session: Class initialized using 'CodeIgniter\Session\Handlers\FileHandler' driver.
DEBUG - 2026-03-21 10:00:03 --> Session: Class initialized using 'CodeIgniter\Session\Handlers\FileHandler' driver.
DEBUG - 2026-03-21 10:01:26 --> Session: Class initialized using 'CodeIgniter\Session\Handlers\FileHandler' driver.
DEBUG - 2026-03-21 10:06:49 --> Session: Class initialized using 'CodeIgniter\Session\Handlers\FileHandler' driver.
DEBUG - 2026-03-21 10:06:54 --> Session: Class initialized using 'CodeIgniter\Session\Handlers\FileHandler' driver.
DEBUG - 2026-03-21 10:06:58 --> Session: Class initialized using 'CodeIgniter\Session\Handlers\FileHandler' driver.
DEBUG - 2026-03-21 10:07:18 --> Session: Class initialized using 'CodeIgniter\Session\Handlers\FileHandler' driver.
DEBUG - 2026-03-21 10:11:54 --> Session: Class initialized using 'CodeIgniter\Session\Handlers\FileHandler' driver.
DEBUG - 2026-03-21 10:11:56 --> Session: Class initialized using 'CodeIgniter\Session\Handlers\FileHandler' driver.
DEBUG - 2026-03-21 10:12:00 --> Session: Class initialized using 'CodeIgniter\Session\Handlers\FileHandler' driver.
DEBUG - 2026-03-21 10:12:09 --> Session: Class initialized using 'CodeIgniter\Session\Handlers\FileHandler' driver.
DEBUG - 2026-03-21 10:12:10 --> Session: Class initialized using 'CodeIgniter\Session\Handlers\FileHandler' driver.
DEBUG - 2026-03-21 10:14:58 --> Session: Class initialized using 'CodeIgniter\Session\Handlers\FileHandler' driver.
DEBUG - 2026-03-21 10:19:42 --> Session: Class initialized using 'CodeIgniter\Session\Handlers\FileHandler' driver.
DEBUG - 2026-03-21 10:19:47 --> Session: Class initialized using 'CodeIgniter\Session\Handlers\FileHandler' driver.
DEBUG - 2026-03-21 10:19:48 --> Session: Class initialized using 'CodeIgniter\Session\Handlers\FileHandler' driver.
DEBUG - 2026-03-21 10:20:01 --> Session: Class initialized using 'CodeIgniter\Session\Handlers\FileHandler' driver.
DEBUG - 2026-03-21 10:20:02 --> Session: Class initialized using 'CodeIgniter\Session\Handlers\FileHandler' driver.
DEBUG - 2026-03-21 10:24:46 --> Session: Class initialized using 'CodeIgniter\Session\Handlers\FileHandler' driver.
DEBUG - 2026-03-21 10:25:53 --> Session: Class initialized using 'CodeIgniter\Session\Handlers\FileHandler' driver.
DEBUG - 2026-03-21 10:27:01 --> Session: Class initialized using 'CodeIgniter\Session\Handlers\FileHandler' driver.
DEBUG - 2026-03-21 10:27:06 --> Session: Class initialized using 'CodeIgniter\Session\Handlers\FileHandler' driver.
CRITICAL - 2026-03-21 10:27:11 --> Error: Call to a member function isValid() on null
[Method: POST, Route: sales/uploadDesign]
in APPPATH\Controllers\Sales.php on line 97.
 1 SYSTEMPATH\CodeIgniter.php(951): App\Controllers\Sales->uploadDesign()
 2 SYSTEMPATH\CodeIgniter.php(497): CodeIgniter\CodeIgniter->runController(Object(App\Controllers\Sales))
 3 SYSTEMPATH\CodeIgniter.php(340): CodeIgniter\CodeIgniter->handleRequest(null, Object(Config\Cache), false)
 4 SYSTEMPATH\Boot.php(417): CodeIgniter\CodeIgniter->run()
 5 SYSTEMPATH\Boot.php(68): CodeIgniter\Boot::runCodeIgniter(Object(CodeIgniter\CodeIgniter))
 6 FCPATH\index.php(59): CodeIgniter\Boot::bootWeb(Object(Config\Paths))
DEBUG - 2026-03-21 10:27:24 --> Session: Class initialized using 'CodeIgniter\Session\Handlers\FileHandler' driver.
DEBUG - 2026-03-21 10:33:51 --> Session: Class initialized using 'CodeIgniter\Session\Handlers\FileHandler' driver.
DEBUG - 2026-03-21 10:33:53 --> Session: Class initialized using 'CodeIgniter\Session\Handlers\FileHandler' driver.
DEBUG - 2026-03-21 10:33:55 --> Session: Class initialized using 'CodeIgniter\Session\Handlers\FileHandler' driver.
DEBUG - 2026-03-21 10:33:57 --> Session: Class initialized using 'CodeIgniter\Session\Handlers\FileHandler' driver.
DEBUG - 2026-03-21 10:33:59 --> Session: Class initialized using 'CodeIgniter\Session\Handlers\FileHandler' driver.
DEBUG - 2026-03-21 10:34:00 --> Session: Class initialized using 'CodeIgniter\Session\Handlers\FileHandler' driver.
DEBUG - 2026-03-21 10:42:18 --> Session: Class initialized using 'CodeIgniter\Session\Handlers\FileHandler' driver.
DEBUG - 2026-03-21 10:50:46 --> Session: Class initialized using 'CodeIgniter\Session\Handlers\FileHandler' driver.
DEBUG - 2026-03-21 10:50:48 --> Session: Class initialized using 'CodeIgniter\Session\Handlers\FileHandler' driver.
DEBUG - 2026-03-21 10:50:55 --> Session: Class initialized using 'CodeIgniter\Session\Handlers\FileHandler' driver.
DEBUG - 2026-03-21 10:50:55 --> Session: Class initialized using 'CodeIgniter\Session\Handlers\FileHandler' driver.
DEBUG - 2026-03-21 10:52:27 --> Session: Class initialized using 'CodeIgniter\Session\Handlers\FileHandler' driver.
DEBUG - 2026-03-21 10:55:07 --> Session: Class initialized using 'CodeIgniter\Session\Handlers\FileHandler' driver.
DEBUG - 2026-03-21 11:00:31 --> Session: Class initialized using 'CodeIgniter\Session\Handlers\FileHandler' driver.
DEBUG - 2026-03-21 11:01:30 --> Session: Class initialized using 'CodeIgniter\Session\Handlers\FileHandler' driver.
DEBUG - 2026-03-21 11:04:41 --> Session: Class initialized using 'CodeIgniter\Session\Handlers\FileHandler' driver.
DEBUG - 2026-03-21 11:08:43 --> Session: Class initialized using 'CodeIgniter\Session\Handlers\FileHandler' driver.
DEBUG - 2026-03-21 11:08:45 --> Session: Class initialized using 'CodeIgniter\Session\Handlers\FileHandler' driver.
ERROR - 2026-03-21 11:08:45 --> Unknown column 'sales.product_name' in 'field list'
in SYSTEMPATH\Database\MySQLi\Connection.php on line 300.
 1 SYSTEMPATH\Database\MySQLi\Connection.php(300): mysqli->query('SELECT `sales`.`id` as `sales_id`, `sales`.`product_name`, `sales`.`quotation`, `users`.`first_name`, `users`.`last_name`
FROM `sales`
JOIN `users` ON `users`.`id` = `sales`.`sales_rep`
WHERE `sales`.`client_id` = \'5\'', 0)
 2 SYSTEMPATH\Database\BaseConnection.php(769): CodeIgniter\Database\MySQLi\Connection->execute('SELECT `sales`.`id` as `sales_id`, `sales`.`product_name`, `sales`.`quotation`, `users`.`first_name`, `users`.`last_name`
FROM `sales`
JOIN `users` ON `users`.`id` = `sales`.`sales_rep`
WHERE `sales`.`client_id` = \'5\'')
 3 SYSTEMPATH\Database\BaseConnection.php(686): CodeIgniter\Database\BaseConnection->simpleQuery('SELECT `sales`.`id` as `sales_id`, `sales`.`product_name`, `sales`.`quotation`, `users`.`first_name`, `users`.`last_name`
FROM `sales`
JOIN `users` ON `users`.`id` = `sales`.`sales_rep`
WHERE `sales`.`client_id` = \'5\'')
 4 SYSTEMPATH\Database\BaseBuilder.php(1649): CodeIgniter\Database\BaseConnection->query('SELECT `sales`.`id` as `sales_id`, `sales`.`product_name`, `sales`.`quotation`, `users`.`first_name`, `users`.`last_name`
FROM `sales`
JOIN `users` ON `users`.`id` = `sales`.`sales_rep`
WHERE `sales`.`client_id` = :sales.client_id:', [...], false)
 5 APPPATH\Controllers\Shipping.php(41): CodeIgniter\Database\BaseBuilder->get()
 6 SYSTEMPATH\CodeIgniter.php(951): App\Controllers\Shipping->getSalesData('5')
 7 SYSTEMPATH\CodeIgniter.php(497): CodeIgniter\CodeIgniter->runController(Object(App\Controllers\Shipping))
 8 SYSTEMPATH\CodeIgniter.php(340): CodeIgniter\CodeIgniter->handleRequest(null, Object(Config\Cache), false)
 9 SYSTEMPATH\Boot.php(417): CodeIgniter\CodeIgniter->run()
10 SYSTEMPATH\Boot.php(68): CodeIgniter\Boot::runCodeIgniter(Object(CodeIgniter\CodeIgniter))
11 FCPATH\index.php(59): CodeIgniter\Boot::bootWeb(Object(Config\Paths))
CRITICAL - 2026-03-21 11:08:45 --> CodeIgniter\Database\Exceptions\DatabaseException: Unknown column 'sales.product_name' in 'field list'
[Method: GET, Route: shipping/getSalesData/5]
in SYSTEMPATH\Database\BaseConnection.php on line 724.
 1 SYSTEMPATH\Database\BaseBuilder.php(1649): CodeIgniter\Database\BaseConnection->query('SELECT `sales`.`id` as `sales_id`, `sales`.`product_name`, `sales`.`quotation`, `users`.`first_name`, `users`.`last_name`
FROM `sales`
JOIN `users` ON `users`.`id` = `sales`.`sales_rep`
WHERE `sales`.`client_id` = :sales.client_id:', [...], false)
 2 APPPATH\Controllers\Shipping.php(41): CodeIgniter\Database\BaseBuilder->get()
 3 SYSTEMPATH\CodeIgniter.php(951): App\Controllers\Shipping->getSalesData('5')
 4 SYSTEMPATH\CodeIgniter.php(497): CodeIgniter\CodeIgniter->runController(Object(App\Controllers\Shipping))
 5 SYSTEMPATH\CodeIgniter.php(340): CodeIgniter\CodeIgniter->handleRequest(null, Object(Config\Cache), false)
 6 SYSTEMPATH\Boot.php(417): CodeIgniter\CodeIgniter->run()
 7 SYSTEMPATH\Boot.php(68): CodeIgniter\Boot::runCodeIgniter(Object(CodeIgniter\CodeIgniter))
 8 FCPATH\index.php(59): CodeIgniter\Boot::bootWeb(Object(Config\Paths))
CRITICAL - 2026-03-21 11:08:45 --> [Caused by] CodeIgniter\Database\Exceptions\DatabaseException: Unknown column 'sales.product_name' in 'field list'
in SYSTEMPATH\Database\MySQLi\Connection.php on line 310.
 1 SYSTEMPATH\Database\BaseConnection.php(769): CodeIgniter\Database\MySQLi\Connection->execute('SELECT `sales`.`id` as `sales_id`, `sales`.`product_name`, `sales`.`quotation`, `users`.`first_name`, `users`.`last_name`
FROM `sales`
JOIN `users` ON `users`.`id` = `sales`.`sales_rep`
WHERE `sales`.`client_id` = \'5\'')
 2 SYSTEMPATH\Database\BaseConnection.php(686): CodeIgniter\Database\BaseConnection->simpleQuery('SELECT `sales`.`id` as `sales_id`, `sales`.`product_name`, `sales`.`quotation`, `users`.`first_name`, `users`.`last_name`
FROM `sales`
JOIN `users` ON `users`.`id` = `sales`.`sales_rep`
WHERE `sales`.`client_id` = \'5\'')
 3 SYSTEMPATH\Database\BaseBuilder.php(1649): CodeIgniter\Database\BaseConnection->query('SELECT `sales`.`id` as `sales_id`, `sales`.`product_name`, `sales`.`quotation`, `users`.`first_name`, `users`.`last_name`
FROM `sales`
JOIN `users` ON `users`.`id` = `sales`.`sales_rep`
WHERE `sales`.`client_id` = :sales.client_id:', [...], false)
 4 APPPATH\Controllers\Shipping.php(41): CodeIgniter\Database\BaseBuilder->get()
 5 SYSTEMPATH\CodeIgniter.php(951): App\Controllers\Shipping->getSalesData('5')
 6 SYSTEMPATH\CodeIgniter.php(497): CodeIgniter\CodeIgniter->runController(Object(App\Controllers\Shipping))
 7 SYSTEMPATH\CodeIgniter.php(340): CodeIgniter\CodeIgniter->handleRequest(null, Object(Config\Cache), false)
 8 SYSTEMPATH\Boot.php(417): CodeIgniter\CodeIgniter->run()
 9 SYSTEMPATH\Boot.php(68): CodeIgniter\Boot::runCodeIgniter(Object(CodeIgniter\CodeIgniter))
10 FCPATH\index.php(59): CodeIgniter\Boot::bootWeb(Object(Config\Paths))
CRITICAL - 2026-03-21 11:08:45 --> [Caused by] mysqli_sql_exception: Unknown column 'sales.product_name' in 'field list'
in SYSTEMPATH\Database\MySQLi\Connection.php on line 300.
 1 SYSTEMPATH\Database\MySQLi\Connection.php(300): mysqli->query('SELECT `sales`.`id` as `sales_id`, `sales`.`product_name`, `sales`.`quotation`, `users`.`first_name`, `users`.`last_name`
FROM `sales`
JOIN `users` ON `users`.`id` = `sales`.`sales_rep`
WHERE `sales`.`client_id` = \'5\'', 0)
 2 SYSTEMPATH\Database\BaseConnection.php(769): CodeIgniter\Database\MySQLi\Connection->execute('SELECT `sales`.`id` as `sales_id`, `sales`.`product_name`, `sales`.`quotation`, `users`.`first_name`, `users`.`last_name`
FROM `sales`
JOIN `users` ON `users`.`id` = `sales`.`sales_rep`
WHERE `sales`.`client_id` = \'5\'')
 3 SYSTEMPATH\Database\BaseConnection.php(686): CodeIgniter\Database\BaseConnection->simpleQuery('SELECT `sales`.`id` as `sales_id`, `sales`.`product_name`, `sales`.`quotation`, `users`.`first_name`, `users`.`last_name`
FROM `sales`
JOIN `users` ON `users`.`id` = `sales`.`sales_rep`
WHERE `sales`.`client_id` = \'5\'')
 4 SYSTEMPATH\Database\BaseBuilder.php(1649): CodeIgniter\Database\BaseConnection->query('SELECT `sales`.`id` as `sales_id`, `sales`.`product_name`, `sales`.`quotation`, `users`.`first_name`, `users`.`last_name`
FROM `sales`
JOIN `users` ON `users`.`id` = `sales`.`sales_rep`
WHERE `sales`.`client_id` = :sales.client_id:', [...], false)
 5 APPPATH\Controllers\Shipping.php(41): CodeIgniter\Database\BaseBuilder->get()
 6 SYSTEMPATH\CodeIgniter.php(951): App\Controllers\Shipping->getSalesData('5')
 7 SYSTEMPATH\CodeIgniter.php(497): CodeIgniter\CodeIgniter->runController(Object(App\Controllers\Shipping))
 8 SYSTEMPATH\CodeIgniter.php(340): CodeIgniter\CodeIgniter->handleRequest(null, Object(Config\Cache), false)
 9 SYSTEMPATH\Boot.php(417): CodeIgniter\CodeIgniter->run()
10 SYSTEMPATH\Boot.php(68): CodeIgniter\Boot::runCodeIgniter(Object(CodeIgniter\CodeIgniter))
11 FCPATH\index.php(59): CodeIgniter\Boot::bootWeb(Object(Config\Paths))
DEBUG - 2026-03-21 11:08:47 --> Session: Class initialized using 'CodeIgniter\Session\Handlers\FileHandler' driver.
ERROR - 2026-03-21 11:08:47 --> Unknown column 'sales.product_name' in 'field list'
in SYSTEMPATH\Database\MySQLi\Connection.php on line 300.
 1 SYSTEMPATH\Database\MySQLi\Connection.php(300): mysqli->query('SELECT `sales`.`id` as `sales_id`, `sales`.`product_name`, `sales`.`quotation`, `users`.`first_name`, `users`.`last_name`
FROM `sales`
JOIN `users` ON `users`.`id` = `sales`.`sales_rep`
WHERE `sales`.`client_id` = \'6\'', 0)
 2 SYSTEMPATH\Database\BaseConnection.php(769): CodeIgniter\Database\MySQLi\Connection->execute('SELECT `sales`.`id` as `sales_id`, `sales`.`product_name`, `sales`.`quotation`, `users`.`first_name`, `users`.`last_name`
FROM `sales`
JOIN `users` ON `users`.`id` = `sales`.`sales_rep`
WHERE `sales`.`client_id` = \'6\'')
 3 SYSTEMPATH\Database\BaseConnection.php(686): CodeIgniter\Database\BaseConnection->simpleQuery('SELECT `sales`.`id` as `sales_id`, `sales`.`product_name`, `sales`.`quotation`, `users`.`first_name`, `users`.`last_name`
FROM `sales`
JOIN `users` ON `users`.`id` = `sales`.`sales_rep`
WHERE `sales`.`client_id` = \'6\'')
 4 SYSTEMPATH\Database\BaseBuilder.php(1649): CodeIgniter\Database\BaseConnection->query('SELECT `sales`.`id` as `sales_id`, `sales`.`product_name`, `sales`.`quotation`, `users`.`first_name`, `users`.`last_name`
FROM `sales`
JOIN `users` ON `users`.`id` = `sales`.`sales_rep`
WHERE `sales`.`client_id` = :sales.client_id:', [...], false)
 5 APPPATH\Controllers\Shipping.php(41): CodeIgniter\Database\BaseBuilder->get()
 6 SYSTEMPATH\CodeIgniter.php(951): App\Controllers\Shipping->getSalesData('6')
 7 SYSTEMPATH\CodeIgniter.php(497): CodeIgniter\CodeIgniter->runController(Object(App\Controllers\Shipping))
 8 SYSTEMPATH\CodeIgniter.php(340): CodeIgniter\CodeIgniter->handleRequest(null, Object(Config\Cache), false)
 9 SYSTEMPATH\Boot.php(417): CodeIgniter\CodeIgniter->run()
10 SYSTEMPATH\Boot.php(68): CodeIgniter\Boot::runCodeIgniter(Object(CodeIgniter\CodeIgniter))
11 FCPATH\index.php(59): CodeIgniter\Boot::bootWeb(Object(Config\Paths))
CRITICAL - 2026-03-21 11:08:47 --> CodeIgniter\Database\Exceptions\DatabaseException: Unknown column 'sales.product_name' in 'field list'
[Method: GET, Route: shipping/getSalesData/6]
in SYSTEMPATH\Database\BaseConnection.php on line 724.
 1 SYSTEMPATH\Database\BaseBuilder.php(1649): CodeIgniter\Database\BaseConnection->query('SELECT `sales`.`id` as `sales_id`, `sales`.`product_name`, `sales`.`quotation`, `users`.`first_name`, `users`.`last_name`
FROM `sales`
JOIN `users` ON `users`.`id` = `sales`.`sales_rep`
WHERE `sales`.`client_id` = :sales.client_id:', [...], false)
 2 APPPATH\Controllers\Shipping.php(41): CodeIgniter\Database\BaseBuilder->get()
 3 SYSTEMPATH\CodeIgniter.php(951): App\Controllers\Shipping->getSalesData('6')
 4 SYSTEMPATH\CodeIgniter.php(497): CodeIgniter\CodeIgniter->runController(Object(App\Controllers\Shipping))
 5 SYSTEMPATH\CodeIgniter.php(340): CodeIgniter\CodeIgniter->handleRequest(null, Object(Config\Cache), false)
 6 SYSTEMPATH\Boot.php(417): CodeIgniter\CodeIgniter->run()
 7 SYSTEMPATH\Boot.php(68): CodeIgniter\Boot::runCodeIgniter(Object(CodeIgniter\CodeIgniter))
 8 FCPATH\index.php(59): CodeIgniter\Boot::bootWeb(Object(Config\Paths))
CRITICAL - 2026-03-21 11:08:47 --> [Caused by] CodeIgniter\Database\Exceptions\DatabaseException: Unknown column 'sales.product_name' in 'field list'
in SYSTEMPATH\Database\MySQLi\Connection.php on line 310.
 1 SYSTEMPATH\Database\BaseConnection.php(769): CodeIgniter\Database\MySQLi\Connection->execute('SELECT `sales`.`id` as `sales_id`, `sales`.`product_name`, `sales`.`quotation`, `users`.`first_name`, `users`.`last_name`
FROM `sales`
JOIN `users` ON `users`.`id` = `sales`.`sales_rep`
WHERE `sales`.`client_id` = \'6\'')
 2 SYSTEMPATH\Database\BaseConnection.php(686): CodeIgniter\Database\BaseConnection->simpleQuery('SELECT `sales`.`id` as `sales_id`, `sales`.`product_name`, `sales`.`quotation`, `users`.`first_name`, `users`.`last_name`
FROM `sales`
JOIN `users` ON `users`.`id` = `sales`.`sales_rep`
WHERE `sales`.`client_id` = \'6\'')
 3 SYSTEMPATH\Database\BaseBuilder.php(1649): CodeIgniter\Database\BaseConnection->query('SELECT `sales`.`id` as `sales_id`, `sales`.`product_name`, `sales`.`quotation`, `users`.`first_name`, `users`.`last_name`
FROM `sales`
JOIN `users` ON `users`.`id` = `sales`.`sales_rep`
WHERE `sales`.`client_id` = :sales.client_id:', [...], false)
 4 APPPATH\Controllers\Shipping.php(41): CodeIgniter\Database\BaseBuilder->get()
 5 SYSTEMPATH\CodeIgniter.php(951): App\Controllers\Shipping->getSalesData('6')
 6 SYSTEMPATH\CodeIgniter.php(497): CodeIgniter\CodeIgniter->runController(Object(App\Controllers\Shipping))
 7 SYSTEMPATH\CodeIgniter.php(340): CodeIgniter\CodeIgniter->handleRequest(null, Object(Config\Cache), false)
 8 SYSTEMPATH\Boot.php(417): CodeIgniter\CodeIgniter->run()
 9 SYSTEMPATH\Boot.php(68): CodeIgniter\Boot::runCodeIgniter(Object(CodeIgniter\CodeIgniter))
10 FCPATH\index.php(59): CodeIgniter\Boot::bootWeb(Object(Config\Paths))
CRITICAL - 2026-03-21 11:08:47 --> [Caused by] mysqli_sql_exception: Unknown column 'sales.product_name' in 'field list'
in SYSTEMPATH\Database\MySQLi\Connection.php on line 300.
 1 SYSTEMPATH\Database\MySQLi\Connection.php(300): mysqli->query('SELECT `sales`.`id` as `sales_id`, `sales`.`product_name`, `sales`.`quotation`, `users`.`first_name`, `users`.`last_name`
FROM `sales`
JOIN `users` ON `users`.`id` = `sales`.`sales_rep`
WHERE `sales`.`client_id` = \'6\'', 0)
 2 SYSTEMPATH\Database\BaseConnection.php(769): CodeIgniter\Database\MySQLi\Connection->execute('SELECT `sales`.`id` as `sales_id`, `sales`.`product_name`, `sales`.`quotation`, `users`.`first_name`, `users`.`last_name`
FROM `sales`
JOIN `users` ON `users`.`id` = `sales`.`sales_rep`
WHERE `sales`.`client_id` = \'6\'')
 3 SYSTEMPATH\Database\BaseConnection.php(686): CodeIgniter\Database\BaseConnection->simpleQuery('SELECT `sales`.`id` as `sales_id`, `sales`.`product_name`, `sales`.`quotation`, `users`.`first_name`, `users`.`last_name`
FROM `sales`
JOIN `users` ON `users`.`id` = `sales`.`sales_rep`
WHERE `sales`.`client_id` = \'6\'')
 4 SYSTEMPATH\Database\BaseBuilder.php(1649): CodeIgniter\Database\BaseConnection->query('SELECT `sales`.`id` as `sales_id`, `sales`.`product_name`, `sales`.`quotation`, `users`.`first_name`, `users`.`last_name`
FROM `sales`
JOIN `users` ON `users`.`id` = `sales`.`sales_rep`
WHERE `sales`.`client_id` = :sales.client_id:', [...], false)
 5 APPPATH\Controllers\Shipping.php(41): CodeIgniter\Database\BaseBuilder->get()
 6 SYSTEMPATH\CodeIgniter.php(951): App\Controllers\Shipping->getSalesData('6')
 7 SYSTEMPATH\CodeIgniter.php(497): CodeIgniter\CodeIgniter->runController(Object(App\Controllers\Shipping))
 8 SYSTEMPATH\CodeIgniter.php(340): CodeIgniter\CodeIgniter->handleRequest(null, Object(Config\Cache), false)
 9 SYSTEMPATH\Boot.php(417): CodeIgniter\CodeIgniter->run()
10 SYSTEMPATH\Boot.php(68): CodeIgniter\Boot::runCodeIgniter(Object(CodeIgniter\CodeIgniter))
11 FCPATH\index.php(59): CodeIgniter\Boot::bootWeb(Object(Config\Paths))
DEBUG - 2026-03-21 11:08:48 --> Session: Class initialized using 'CodeIgniter\Session\Handlers\FileHandler' driver.
ERROR - 2026-03-21 11:08:48 --> Unknown column 'sales.product_name' in 'field list'
in SYSTEMPATH\Database\MySQLi\Connection.php on line 300.
 1 SYSTEMPATH\Database\MySQLi\Connection.php(300): mysqli->query('SELECT `sales`.`id` as `sales_id`, `sales`.`product_name`, `sales`.`quotation`, `users`.`first_name`, `users`.`last_name`
FROM `sales`
JOIN `users` ON `users`.`id` = `sales`.`sales_rep`
WHERE `sales`.`client_id` = \'7\'', 0)
 2 SYSTEMPATH\Database\BaseConnection.php(769): CodeIgniter\Database\MySQLi\Connection->execute('SELECT `sales`.`id` as `sales_id`, `sales`.`product_name`, `sales`.`quotation`, `users`.`first_name`, `users`.`last_name`
FROM `sales`
JOIN `users` ON `users`.`id` = `sales`.`sales_rep`
WHERE `sales`.`client_id` = \'7\'')
 3 SYSTEMPATH\Database\BaseConnection.php(686): CodeIgniter\Database\BaseConnection->simpleQuery('SELECT `sales`.`id` as `sales_id`, `sales`.`product_name`, `sales`.`quotation`, `users`.`first_name`, `users`.`last_name`
FROM `sales`
JOIN `users` ON `users`.`id` = `sales`.`sales_rep`
WHERE `sales`.`client_id` = \'7\'')
 4 SYSTEMPATH\Database\BaseBuilder.php(1649): CodeIgniter\Database\BaseConnection->query('SELECT `sales`.`id` as `sales_id`, `sales`.`product_name`, `sales`.`quotation`, `users`.`first_name`, `users`.`last_name`
FROM `sales`
JOIN `users` ON `users`.`id` = `sales`.`sales_rep`
WHERE `sales`.`client_id` = :sales.client_id:', [...], false)
 5 APPPATH\Controllers\Shipping.php(41): CodeIgniter\Database\BaseBuilder->get()
 6 SYSTEMPATH\CodeIgniter.php(951): App\Controllers\Shipping->getSalesData('7')
 7 SYSTEMPATH\CodeIgniter.php(497): CodeIgniter\CodeIgniter->runController(Object(App\Controllers\Shipping))
 8 SYSTEMPATH\CodeIgniter.php(340): CodeIgniter\CodeIgniter->handleRequest(null, Object(Config\Cache), false)
 9 SYSTEMPATH\Boot.php(417): CodeIgniter\CodeIgniter->run()
10 SYSTEMPATH\Boot.php(68): CodeIgniter\Boot::runCodeIgniter(Object(CodeIgniter\CodeIgniter))
11 FCPATH\index.php(59): CodeIgniter\Boot::bootWeb(Object(Config\Paths))
CRITICAL - 2026-03-21 11:08:48 --> CodeIgniter\Database\Exceptions\DatabaseException: Unknown column 'sales.product_name' in 'field list'
[Method: GET, Route: shipping/getSalesData/7]
in SYSTEMPATH\Database\BaseConnection.php on line 724.
 1 SYSTEMPATH\Database\BaseBuilder.php(1649): CodeIgniter\Database\BaseConnection->query('SELECT `sales`.`id` as `sales_id`, `sales`.`product_name`, `sales`.`quotation`, `users`.`first_name`, `users`.`last_name`
FROM `sales`
JOIN `users` ON `users`.`id` = `sales`.`sales_rep`
WHERE `sales`.`client_id` = :sales.client_id:', [...], false)
 2 APPPATH\Controllers\Shipping.php(41): CodeIgniter\Database\BaseBuilder->get()
 3 SYSTEMPATH\CodeIgniter.php(951): App\Controllers\Shipping->getSalesData('7')
 4 SYSTEMPATH\CodeIgniter.php(497): CodeIgniter\CodeIgniter->runController(Object(App\Controllers\Shipping))
 5 SYSTEMPATH\CodeIgniter.php(340): CodeIgniter\CodeIgniter->handleRequest(null, Object(Config\Cache), false)
 6 SYSTEMPATH\Boot.php(417): CodeIgniter\CodeIgniter->run()
 7 SYSTEMPATH\Boot.php(68): CodeIgniter\Boot::runCodeIgniter(Object(CodeIgniter\CodeIgniter))
 8 FCPATH\index.php(59): CodeIgniter\Boot::bootWeb(Object(Config\Paths))
CRITICAL - 2026-03-21 11:08:48 --> [Caused by] CodeIgniter\Database\Exceptions\DatabaseException: Unknown column 'sales.product_name' in 'field list'
in SYSTEMPATH\Database\MySQLi\Connection.php on line 310.
 1 SYSTEMPATH\Database\BaseConnection.php(769): CodeIgniter\Database\MySQLi\Connection->execute('SELECT `sales`.`id` as `sales_id`, `sales`.`product_name`, `sales`.`quotation`, `users`.`first_name`, `users`.`last_name`
FROM `sales`
JOIN `users` ON `users`.`id` = `sales`.`sales_rep`
WHERE `sales`.`client_id` = \'7\'')
 2 SYSTEMPATH\Database\BaseConnection.php(686): CodeIgniter\Database\BaseConnection->simpleQuery('SELECT `sales`.`id` as `sales_id`, `sales`.`product_name`, `sales`.`quotation`, `users`.`first_name`, `users`.`last_name`
FROM `sales`
JOIN `users` ON `users`.`id` = `sales`.`sales_rep`
WHERE `sales`.`client_id` = \'7\'')
 3 SYSTEMPATH\Database\BaseBuilder.php(1649): CodeIgniter\Database\BaseConnection->query('SELECT `sales`.`id` as `sales_id`, `sales`.`product_name`, `sales`.`quotation`, `users`.`first_name`, `users`.`last_name`
FROM `sales`
JOIN `users` ON `users`.`id` = `sales`.`sales_rep`
WHERE `sales`.`client_id` = :sales.client_id:', [...], false)
 4 APPPATH\Controllers\Shipping.php(41): CodeIgniter\Database\BaseBuilder->get()
 5 SYSTEMPATH\CodeIgniter.php(951): App\Controllers\Shipping->getSalesData('7')
 6 SYSTEMPATH\CodeIgniter.php(497): CodeIgniter\CodeIgniter->runController(Object(App\Controllers\Shipping))
 7 SYSTEMPATH\CodeIgniter.php(340): CodeIgniter\CodeIgniter->handleRequest(null, Object(Config\Cache), false)
 8 SYSTEMPATH\Boot.php(417): CodeIgniter\CodeIgniter->run()
 9 SYSTEMPATH\Boot.php(68): CodeIgniter\Boot::runCodeIgniter(Object(CodeIgniter\CodeIgniter))
10 FCPATH\index.php(59): CodeIgniter\Boot::bootWeb(Object(Config\Paths))
CRITICAL - 2026-03-21 11:08:48 --> [Caused by] mysqli_sql_exception: Unknown column 'sales.product_name' in 'field list'
in SYSTEMPATH\Database\MySQLi\Connection.php on line 300.
 1 SYSTEMPATH\Database\MySQLi\Connection.php(300): mysqli->query('SELECT `sales`.`id` as `sales_id`, `sales`.`product_name`, `sales`.`quotation`, `users`.`first_name`, `users`.`last_name`
FROM `sales`
JOIN `users` ON `users`.`id` = `sales`.`sales_rep`
WHERE `sales`.`client_id` = \'7\'', 0)
 2 SYSTEMPATH\Database\BaseConnection.php(769): CodeIgniter\Database\MySQLi\Connection->execute('SELECT `sales`.`id` as `sales_id`, `sales`.`product_name`, `sales`.`quotation`, `users`.`first_name`, `users`.`last_name`
FROM `sales`
JOIN `users` ON `users`.`id` = `sales`.`sales_rep`
WHERE `sales`.`client_id` = \'7\'')
 3 SYSTEMPATH\Database\BaseConnection.php(686): CodeIgniter\Database\BaseConnection->simpleQuery('SELECT `sales`.`id` as `sales_id`, `sales`.`product_name`, `sales`.`quotation`, `users`.`first_name`, `users`.`last_name`
FROM `sales`
JOIN `users` ON `users`.`id` = `sales`.`sales_rep`
WHERE `sales`.`client_id` = \'7\'')
 4 SYSTEMPATH\Database\BaseBuilder.php(1649): CodeIgniter\Database\BaseConnection->query('SELECT `sales`.`id` as `sales_id`, `sales`.`product_name`, `sales`.`quotation`, `users`.`first_name`, `users`.`last_name`
FROM `sales`
JOIN `users` ON `users`.`id` = `sales`.`sales_rep`
WHERE `sales`.`client_id` = :sales.client_id:', [...], false)
 5 APPPATH\Controllers\Shipping.php(41): CodeIgniter\Database\BaseBuilder->get()
 6 SYSTEMPATH\CodeIgniter.php(951): App\Controllers\Shipping->getSalesData('7')
 7 SYSTEMPATH\CodeIgniter.php(497): CodeIgniter\CodeIgniter->runController(Object(App\Controllers\Shipping))
 8 SYSTEMPATH\CodeIgniter.php(340): CodeIgniter\CodeIgniter->handleRequest(null, Object(Config\Cache), false)
 9 SYSTEMPATH\Boot.php(417): CodeIgniter\CodeIgniter->run()
10 SYSTEMPATH\Boot.php(68): CodeIgniter\Boot::runCodeIgniter(Object(CodeIgniter\CodeIgniter))
11 FCPATH\index.php(59): CodeIgniter\Boot::bootWeb(Object(Config\Paths))
DEBUG - 2026-03-21 11:08:49 --> Session: Class initialized using 'CodeIgniter\Session\Handlers\FileHandler' driver.
ERROR - 2026-03-21 11:08:49 --> Unknown column 'sales.product_name' in 'field list'
in SYSTEMPATH\Database\MySQLi\Connection.php on line 300.
 1 SYSTEMPATH\Database\MySQLi\Connection.php(300): mysqli->query('SELECT `sales`.`id` as `sales_id`, `sales`.`product_name`, `sales`.`quotation`, `users`.`first_name`, `users`.`last_name`
FROM `sales`
JOIN `users` ON `users`.`id` = `sales`.`sales_rep`
WHERE `sales`.`client_id` = \'10\'', 0)
 2 SYSTEMPATH\Database\BaseConnection.php(769): CodeIgniter\Database\MySQLi\Connection->execute('SELECT `sales`.`id` as `sales_id`, `sales`.`product_name`, `sales`.`quotation`, `users`.`first_name`, `users`.`last_name`
FROM `sales`
JOIN `users` ON `users`.`id` = `sales`.`sales_rep`
WHERE `sales`.`client_id` = \'10\'')
 3 SYSTEMPATH\Database\BaseConnection.php(686): CodeIgniter\Database\BaseConnection->simpleQuery('SELECT `sales`.`id` as `sales_id`, `sales`.`product_name`, `sales`.`quotation`, `users`.`first_name`, `users`.`last_name`
FROM `sales`
JOIN `users` ON `users`.`id` = `sales`.`sales_rep`
WHERE `sales`.`client_id` = \'10\'')
 4 SYSTEMPATH\Database\BaseBuilder.php(1649): CodeIgniter\Database\BaseConnection->query('SELECT `sales`.`id` as `sales_id`, `sales`.`product_name`, `sales`.`quotation`, `users`.`first_name`, `users`.`last_name`
FROM `sales`
JOIN `users` ON `users`.`id` = `sales`.`sales_rep`
WHERE `sales`.`client_id` = :sales.client_id:', [...], false)
 5 APPPATH\Controllers\Shipping.php(41): CodeIgniter\Database\BaseBuilder->get()
 6 SYSTEMPATH\CodeIgniter.php(951): App\Controllers\Shipping->getSalesData('10')
 7 SYSTEMPATH\CodeIgniter.php(497): CodeIgniter\CodeIgniter->runController(Object(App\Controllers\Shipping))
 8 SYSTEMPATH\CodeIgniter.php(340): CodeIgniter\CodeIgniter->handleRequest(null, Object(Config\Cache), false)
 9 SYSTEMPATH\Boot.php(417): CodeIgniter\CodeIgniter->run()
10 SYSTEMPATH\Boot.php(68): CodeIgniter\Boot::runCodeIgniter(Object(CodeIgniter\CodeIgniter))
11 FCPATH\index.php(59): CodeIgniter\Boot::bootWeb(Object(Config\Paths))
CRITICAL - 2026-03-21 11:08:49 --> CodeIgniter\Database\Exceptions\DatabaseException: Unknown column 'sales.product_name' in 'field list'
[Method: GET, Route: shipping/getSalesData/10]
in SYSTEMPATH\Database\BaseConnection.php on line 724.
 1 SYSTEMPATH\Database\BaseBuilder.php(1649): CodeIgniter\Database\BaseConnection->query('SELECT `sales`.`id` as `sales_id`, `sales`.`product_name`, `sales`.`quotation`, `users`.`first_name`, `users`.`last_name`
FROM `sales`
JOIN `users` ON `users`.`id` = `sales`.`sales_rep`
WHERE `sales`.`client_id` = :sales.client_id:', [...], false)
 2 APPPATH\Controllers\Shipping.php(41): CodeIgniter\Database\BaseBuilder->get()
 3 SYSTEMPATH\CodeIgniter.php(951): App\Controllers\Shipping->getSalesData('10')
 4 SYSTEMPATH\CodeIgniter.php(497): CodeIgniter\CodeIgniter->runController(Object(App\Controllers\Shipping))
 5 SYSTEMPATH\CodeIgniter.php(340): CodeIgniter\CodeIgniter->handleRequest(null, Object(Config\Cache), false)
 6 SYSTEMPATH\Boot.php(417): CodeIgniter\CodeIgniter->run()
 7 SYSTEMPATH\Boot.php(68): CodeIgniter\Boot::runCodeIgniter(Object(CodeIgniter\CodeIgniter))
 8 FCPATH\index.php(59): CodeIgniter\Boot::bootWeb(Object(Config\Paths))
CRITICAL - 2026-03-21 11:08:49 --> [Caused by] CodeIgniter\Database\Exceptions\DatabaseException: Unknown column 'sales.product_name' in 'field list'
in SYSTEMPATH\Database\MySQLi\Connection.php on line 310.
 1 SYSTEMPATH\Database\BaseConnection.php(769): CodeIgniter\Database\MySQLi\Connection->execute('SELECT `sales`.`id` as `sales_id`, `sales`.`product_name`, `sales`.`quotation`, `users`.`first_name`, `users`.`last_name`
FROM `sales`
JOIN `users` ON `users`.`id` = `sales`.`sales_rep`
WHERE `sales`.`client_id` = \'10\'')
 2 SYSTEMPATH\Database\BaseConnection.php(686): CodeIgniter\Database\BaseConnection->simpleQuery('SELECT `sales`.`id` as `sales_id`, `sales`.`product_name`, `sales`.`quotation`, `users`.`first_name`, `users`.`last_name`
FROM `sales`
JOIN `users` ON `users`.`id` = `sales`.`sales_rep`
WHERE `sales`.`client_id` = \'10\'')
 3 SYSTEMPATH\Database\BaseBuilder.php(1649): CodeIgniter\Database\BaseConnection->query('SELECT `sales`.`id` as `sales_id`, `sales`.`product_name`, `sales`.`quotation`, `users`.`first_name`, `users`.`last_name`
FROM `sales`
JOIN `users` ON `users`.`id` = `sales`.`sales_rep`
WHERE `sales`.`client_id` = :sales.client_id:', [...], false)
 4 APPPATH\Controllers\Shipping.php(41): CodeIgniter\Database\BaseBuilder->get()
 5 SYSTEMPATH\CodeIgniter.php(951): App\Controllers\Shipping->getSalesData('10')
 6 SYSTEMPATH\CodeIgniter.php(497): CodeIgniter\CodeIgniter->runController(Object(App\Controllers\Shipping))
 7 SYSTEMPATH\CodeIgniter.php(340): CodeIgniter\CodeIgniter->handleRequest(null, Object(Config\Cache), false)
 8 SYSTEMPATH\Boot.php(417): CodeIgniter\CodeIgniter->run()
 9 SYSTEMPATH\Boot.php(68): CodeIgniter\Boot::runCodeIgniter(Object(CodeIgniter\CodeIgniter))
10 FCPATH\index.php(59): CodeIgniter\Boot::bootWeb(Object(Config\Paths))
CRITICAL - 2026-03-21 11:08:49 --> [Caused by] mysqli_sql_exception: Unknown column 'sales.product_name' in 'field list'
in SYSTEMPATH\Database\MySQLi\Connection.php on line 300.
 1 SYSTEMPATH\Database\MySQLi\Connection.php(300): mysqli->query('SELECT `sales`.`id` as `sales_id`, `sales`.`product_name`, `sales`.`quotation`, `users`.`first_name`, `users`.`last_name`
FROM `sales`
JOIN `users` ON `users`.`id` = `sales`.`sales_rep`
WHERE `sales`.`client_id` = \'10\'', 0)
 2 SYSTEMPATH\Database\BaseConnection.php(769): CodeIgniter\Database\MySQLi\Connection->execute('SELECT `sales`.`id` as `sales_id`, `sales`.`product_name`, `sales`.`quotation`, `users`.`first_name`, `users`.`last_name`
FROM `sales`
JOIN `users` ON `users`.`id` = `sales`.`sales_rep`
WHERE `sales`.`client_id` = \'10\'')
 3 SYSTEMPATH\Database\BaseConnection.php(686): CodeIgniter\Database\BaseConnection->simpleQuery('SELECT `sales`.`id` as `sales_id`, `sales`.`product_name`, `sales`.`quotation`, `users`.`first_name`, `users`.`last_name`
FROM `sales`
JOIN `users` ON `users`.`id` = `sales`.`sales_rep`
WHERE `sales`.`client_id` = \'10\'')
 4 SYSTEMPATH\Database\BaseBuilder.php(1649): CodeIgniter\Database\BaseConnection->query('SELECT `sales`.`id` as `sales_id`, `sales`.`product_name`, `sales`.`quotation`, `users`.`first_name`, `users`.`last_name`
FROM `sales`
JOIN `users` ON `users`.`id` = `sales`.`sales_rep`
WHERE `sales`.`client_id` = :sales.client_id:', [...], false)
 5 APPPATH\Controllers\Shipping.php(41): CodeIgniter\Database\BaseBuilder->get()
 6 SYSTEMPATH\CodeIgniter.php(951): App\Controllers\Shipping->getSalesData('10')
 7 SYSTEMPATH\CodeIgniter.php(497): CodeIgniter\CodeIgniter->runController(Object(App\Controllers\Shipping))
 8 SYSTEMPATH\CodeIgniter.php(340): CodeIgniter\CodeIgniter->handleRequest(null, Object(Config\Cache), false)
 9 SYSTEMPATH\Boot.php(417): CodeIgniter\CodeIgniter->run()
10 SYSTEMPATH\Boot.php(68): CodeIgniter\Boot::runCodeIgniter(Object(CodeIgniter\CodeIgniter))
11 FCPATH\index.php(59): CodeIgniter\Boot::bootWeb(Object(Config\Paths))
DEBUG - 2026-03-21 11:08:51 --> Session: Class initialized using 'CodeIgniter\Session\Handlers\FileHandler' driver.
ERROR - 2026-03-21 11:08:51 --> Unknown column 'sales.product_name' in 'field list'
in SYSTEMPATH\Database\MySQLi\Connection.php on line 300.
 1 SYSTEMPATH\Database\MySQLi\Connection.php(300): mysqli->query('SELECT `sales`.`id` as `sales_id`, `sales`.`product_name`, `sales`.`quotation`, `users`.`first_name`, `users`.`last_name`
FROM `sales`
JOIN `users` ON `users`.`id` = `sales`.`sales_rep`
WHERE `sales`.`client_id` = \'13\'', 0)
 2 SYSTEMPATH\Database\BaseConnection.php(769): CodeIgniter\Database\MySQLi\Connection->execute('SELECT `sales`.`id` as `sales_id`, `sales`.`product_name`, `sales`.`quotation`, `users`.`first_name`, `users`.`last_name`
FROM `sales`
JOIN `users` ON `users`.`id` = `sales`.`sales_rep`
WHERE `sales`.`client_id` = \'13\'')
 3 SYSTEMPATH\Database\BaseConnection.php(686): CodeIgniter\Database\BaseConnection->simpleQuery('SELECT `sales`.`id` as `sales_id`, `sales`.`product_name`, `sales`.`quotation`, `users`.`first_name`, `users`.`last_name`
FROM `sales`
JOIN `users` ON `users`.`id` = `sales`.`sales_rep`
WHERE `sales`.`client_id` = \'13\'')
 4 SYSTEMPATH\Database\BaseBuilder.php(1649): CodeIgniter\Database\BaseConnection->query('SELECT `sales`.`id` as `sales_id`, `sales`.`product_name`, `sales`.`quotation`, `users`.`first_name`, `users`.`last_name`
FROM `sales`
JOIN `users` ON `users`.`id` = `sales`.`sales_rep`
WHERE `sales`.`client_id` = :sales.client_id:', [...], false)
 5 APPPATH\Controllers\Shipping.php(41): CodeIgniter\Database\BaseBuilder->get()
 6 SYSTEMPATH\CodeIgniter.php(951): App\Controllers\Shipping->getSalesData('13')
 7 SYSTEMPATH\CodeIgniter.php(497): CodeIgniter\CodeIgniter->runController(Object(App\Controllers\Shipping))
 8 SYSTEMPATH\CodeIgniter.php(340): CodeIgniter\CodeIgniter->handleRequest(null, Object(Config\Cache), false)
 9 SYSTEMPATH\Boot.php(417): CodeIgniter\CodeIgniter->run()
10 SYSTEMPATH\Boot.php(68): CodeIgniter\Boot::runCodeIgniter(Object(CodeIgniter\CodeIgniter))
11 FCPATH\index.php(59): CodeIgniter\Boot::bootWeb(Object(Config\Paths))
CRITICAL - 2026-03-21 11:08:51 --> CodeIgniter\Database\Exceptions\DatabaseException: Unknown column 'sales.product_name' in 'field list'
[Method: GET, Route: shipping/getSalesData/13]
in SYSTEMPATH\Database\BaseConnection.php on line 724.
 1 SYSTEMPATH\Database\BaseBuilder.php(1649): CodeIgniter\Database\BaseConnection->query('SELECT `sales`.`id` as `sales_id`, `sales`.`product_name`, `sales`.`quotation`, `users`.`first_name`, `users`.`last_name`
FROM `sales`
JOIN `users` ON `users`.`id` = `sales`.`sales_rep`
WHERE `sales`.`client_id` = :sales.client_id:', [...], false)
 2 APPPATH\Controllers\Shipping.php(41): CodeIgniter\Database\BaseBuilder->get()
 3 SYSTEMPATH\CodeIgniter.php(951): App\Controllers\Shipping->getSalesData('13')
 4 SYSTEMPATH\CodeIgniter.php(497): CodeIgniter\CodeIgniter->runController(Object(App\Controllers\Shipping))
 5 SYSTEMPATH\CodeIgniter.php(340): CodeIgniter\CodeIgniter->handleRequest(null, Object(Config\Cache), false)
 6 SYSTEMPATH\Boot.php(417): CodeIgniter\CodeIgniter->run()
 7 SYSTEMPATH\Boot.php(68): CodeIgniter\Boot::runCodeIgniter(Object(CodeIgniter\CodeIgniter))
 8 FCPATH\index.php(59): CodeIgniter\Boot::bootWeb(Object(Config\Paths))
CRITICAL - 2026-03-21 11:08:51 --> [Caused by] CodeIgniter\Database\Exceptions\DatabaseException: Unknown column 'sales.product_name' in 'field list'
in SYSTEMPATH\Database\MySQLi\Connection.php on line 310.
 1 SYSTEMPATH\Database\BaseConnection.php(769): CodeIgniter\Database\MySQLi\Connection->execute('SELECT `sales`.`id` as `sales_id`, `sales`.`product_name`, `sales`.`quotation`, `users`.`first_name`, `users`.`last_name`
FROM `sales`
JOIN `users` ON `users`.`id` = `sales`.`sales_rep`
WHERE `sales`.`client_id` = \'13\'')
 2 SYSTEMPATH\Database\BaseConnection.php(686): CodeIgniter\Database\BaseConnection->simpleQuery('SELECT `sales`.`id` as `sales_id`, `sales`.`product_name`, `sales`.`quotation`, `users`.`first_name`, `users`.`last_name`
FROM `sales`
JOIN `users` ON `users`.`id` = `sales`.`sales_rep`
WHERE `sales`.`client_id` = \'13\'')
 3 SYSTEMPATH\Database\BaseBuilder.php(1649): CodeIgniter\Database\BaseConnection->query('SELECT `sales`.`id` as `sales_id`, `sales`.`product_name`, `sales`.`quotation`, `users`.`first_name`, `users`.`last_name`
FROM `sales`
JOIN `users` ON `users`.`id` = `sales`.`sales_rep`
WHERE `sales`.`client_id` = :sales.client_id:', [...], false)
 4 APPPATH\Controllers\Shipping.php(41): CodeIgniter\Database\BaseBuilder->get()
 5 SYSTEMPATH\CodeIgniter.php(951): App\Controllers\Shipping->getSalesData('13')
 6 SYSTEMPATH\CodeIgniter.php(497): CodeIgniter\CodeIgniter->runController(Object(App\Controllers\Shipping))
 7 SYSTEMPATH\CodeIgniter.php(340): CodeIgniter\CodeIgniter->handleRequest(null, Object(Config\Cache), false)
 8 SYSTEMPATH\Boot.php(417): CodeIgniter\CodeIgniter->run()
 9 SYSTEMPATH\Boot.php(68): CodeIgniter\Boot::runCodeIgniter(Object(CodeIgniter\CodeIgniter))
10 FCPATH\index.php(59): CodeIgniter\Boot::bootWeb(Object(Config\Paths))
CRITICAL - 2026-03-21 11:08:51 --> [Caused by] mysqli_sql_exception: Unknown column 'sales.product_name' in 'field list'
in SYSTEMPATH\Database\MySQLi\Connection.php on line 300.
 1 SYSTEMPATH\Database\MySQLi\Connection.php(300): mysqli->query('SELECT `sales`.`id` as `sales_id`, `sales`.`product_name`, `sales`.`quotation`, `users`.`first_name`, `users`.`last_name`
FROM `sales`
JOIN `users` ON `users`.`id` = `sales`.`sales_rep`
WHERE `sales`.`client_id` = \'13\'', 0)
 2 SYSTEMPATH\Database\BaseConnection.php(769): CodeIgniter\Database\MySQLi\Connection->execute('SELECT `sales`.`id` as `sales_id`, `sales`.`product_name`, `sales`.`quotation`, `users`.`first_name`, `users`.`last_name`
FROM `sales`
JOIN `users` ON `users`.`id` = `sales`.`sales_rep`
WHERE `sales`.`client_id` = \'13\'')
 3 SYSTEMPATH\Database\BaseConnection.php(686): CodeIgniter\Database\BaseConnection->simpleQuery('SELECT `sales`.`id` as `sales_id`, `sales`.`product_name`, `sales`.`quotation`, `users`.`first_name`, `users`.`last_name`
FROM `sales`
JOIN `users` ON `users`.`id` = `sales`.`sales_rep`
WHERE `sales`.`client_id` = \'13\'')
 4 SYSTEMPATH\Database\BaseBuilder.php(1649): CodeIgniter\Database\BaseConnection->query('SELECT `sales`.`id` as `sales_id`, `sales`.`product_name`, `sales`.`quotation`, `users`.`first_name`, `users`.`last_name`
FROM `sales`
JOIN `users` ON `users`.`id` = `sales`.`sales_rep`
WHERE `sales`.`client_id` = :sales.client_id:', [...], false)
 5 APPPATH\Controllers\Shipping.php(41): CodeIgniter\Database\BaseBuilder->get()
 6 SYSTEMPATH\CodeIgniter.php(951): App\Controllers\Shipping->getSalesData('13')
 7 SYSTEMPATH\CodeIgniter.php(497): CodeIgniter\CodeIgniter->runController(Object(App\Controllers\Shipping))
 8 SYSTEMPATH\CodeIgniter.php(340): CodeIgniter\CodeIgniter->handleRequest(null, Object(Config\Cache), false)
 9 SYSTEMPATH\Boot.php(417): CodeIgniter\CodeIgniter->run()
10 SYSTEMPATH\Boot.php(68): CodeIgniter\Boot::runCodeIgniter(Object(CodeIgniter\CodeIgniter))
11 FCPATH\index.php(59): CodeIgniter\Boot::bootWeb(Object(Config\Paths))
DEBUG - 2026-03-21 11:08:54 --> Session: Class initialized using 'CodeIgniter\Session\Handlers\FileHandler' driver.
DEBUG - 2026-03-21 11:09:00 --> Session: Class initialized using 'CodeIgniter\Session\Handlers\FileHandler' driver.
DEBUG - 2026-03-21 11:09:43 --> Session: Class initialized using 'CodeIgniter\Session\Handlers\FileHandler' driver.
DEBUG - 2026-03-21 11:09:43 --> Session: Class initialized using 'CodeIgniter\Session\Handlers\FileHandler' driver.
DEBUG - 2026-03-21 11:09:47 --> Session: Class initialized using 'CodeIgniter\Session\Handlers\FileHandler' driver.
DEBUG - 2026-03-21 11:10:11 --> Session: Class initialized using 'CodeIgniter\Session\Handlers\FileHandler' driver.
DEBUG - 2026-03-21 11:10:11 --> Session: Class initialized using 'CodeIgniter\Session\Handlers\FileHandler' driver.
DEBUG - 2026-03-21 11:10:15 --> Session: Class initialized using 'CodeIgniter\Session\Handlers\FileHandler' driver.
DEBUG - 2026-03-21 11:10:16 --> Session: Class initialized using 'CodeIgniter\Session\Handlers\FileHandler' driver.
DEBUG - 2026-03-21 11:10:20 --> Session: Class initialized using 'CodeIgniter\Session\Handlers\FileHandler' driver.
ERROR - 2026-03-21 11:10:20 --> Unknown column 'sales.product_name' in 'field list'
in SYSTEMPATH\Database\MySQLi\Connection.php on line 300.
 1 SYSTEMPATH\Database\MySQLi\Connection.php(300): mysqli->query('SELECT `sales`.`id` as `sales_id`, `sales`.`product_name`, `sales`.`quotation`, `users`.`first_name`, `users`.`last_name`
FROM `sales`
JOIN `users` ON `users`.`id` = `sales`.`sales_rep`
WHERE `sales`.`client_id` = \'15\'', 0)
 2 SYSTEMPATH\Database\BaseConnection.php(769): CodeIgniter\Database\MySQLi\Connection->execute('SELECT `sales`.`id` as `sales_id`, `sales`.`product_name`, `sales`.`quotation`, `users`.`first_name`, `users`.`last_name`
FROM `sales`
JOIN `users` ON `users`.`id` = `sales`.`sales_rep`
WHERE `sales`.`client_id` = \'15\'')
 3 SYSTEMPATH\Database\BaseConnection.php(686): CodeIgniter\Database\BaseConnection->simpleQuery('SELECT `sales`.`id` as `sales_id`, `sales`.`product_name`, `sales`.`quotation`, `users`.`first_name`, `users`.`last_name`
FROM `sales`
JOIN `users` ON `users`.`id` = `sales`.`sales_rep`
WHERE `sales`.`client_id` = \'15\'')
 4 SYSTEMPATH\Database\BaseBuilder.php(1649): CodeIgniter\Database\BaseConnection->query('SELECT `sales`.`id` as `sales_id`, `sales`.`product_name`, `sales`.`quotation`, `users`.`first_name`, `users`.`last_name`
FROM `sales`
JOIN `users` ON `users`.`id` = `sales`.`sales_rep`
WHERE `sales`.`client_id` = :sales.client_id:', [...], false)
 5 APPPATH\Controllers\Shipping.php(41): CodeIgniter\Database\BaseBuilder->get()
 6 SYSTEMPATH\CodeIgniter.php(951): App\Controllers\Shipping->getSalesData('15')
 7 SYSTEMPATH\CodeIgniter.php(497): CodeIgniter\CodeIgniter->runController(Object(App\Controllers\Shipping))
 8 SYSTEMPATH\CodeIgniter.php(340): CodeIgniter\CodeIgniter->handleRequest(null, Object(Config\Cache), false)
 9 SYSTEMPATH\Boot.php(417): CodeIgniter\CodeIgniter->run()
10 SYSTEMPATH\Boot.php(68): CodeIgniter\Boot::runCodeIgniter(Object(CodeIgniter\CodeIgniter))
11 FCPATH\index.php(59): CodeIgniter\Boot::bootWeb(Object(Config\Paths))
CRITICAL - 2026-03-21 11:10:20 --> CodeIgniter\Database\Exceptions\DatabaseException: Unknown column 'sales.product_name' in 'field list'
[Method: GET, Route: shipping/getSalesData/15]
in SYSTEMPATH\Database\BaseConnection.php on line 724.
 1 SYSTEMPATH\Database\BaseBuilder.php(1649): CodeIgniter\Database\BaseConnection->query('SELECT `sales`.`id` as `sales_id`, `sales`.`product_name`, `sales`.`quotation`, `users`.`first_name`, `users`.`last_name`
FROM `sales`
JOIN `users` ON `users`.`id` = `sales`.`sales_rep`
WHERE `sales`.`client_id` = :sales.client_id:', [...], false)
 2 APPPATH\Controllers\Shipping.php(41): CodeIgniter\Database\BaseBuilder->get()
 3 SYSTEMPATH\CodeIgniter.php(951): App\Controllers\Shipping->getSalesData('15')
 4 SYSTEMPATH\CodeIgniter.php(497): CodeIgniter\CodeIgniter->runController(Object(App\Controllers\Shipping))
 5 SYSTEMPATH\CodeIgniter.php(340): CodeIgniter\CodeIgniter->handleRequest(null, Object(Config\Cache), false)
 6 SYSTEMPATH\Boot.php(417): CodeIgniter\CodeIgniter->run()
 7 SYSTEMPATH\Boot.php(68): CodeIgniter\Boot::runCodeIgniter(Object(CodeIgniter\CodeIgniter))
 8 FCPATH\index.php(59): CodeIgniter\Boot::bootWeb(Object(Config\Paths))
CRITICAL - 2026-03-21 11:10:20 --> [Caused by] CodeIgniter\Database\Exceptions\DatabaseException: Unknown column 'sales.product_name' in 'field list'
in SYSTEMPATH\Database\MySQLi\Connection.php on line 310.
 1 SYSTEMPATH\Database\BaseConnection.php(769): CodeIgniter\Database\MySQLi\Connection->execute('SELECT `sales`.`id` as `sales_id`, `sales`.`product_name`, `sales`.`quotation`, `users`.`first_name`, `users`.`last_name`
FROM `sales`
JOIN `users` ON `users`.`id` = `sales`.`sales_rep`
WHERE `sales`.`client_id` = \'15\'')
 2 SYSTEMPATH\Database\BaseConnection.php(686): CodeIgniter\Database\BaseConnection->simpleQuery('SELECT `sales`.`id` as `sales_id`, `sales`.`product_name`, `sales`.`quotation`, `users`.`first_name`, `users`.`last_name`
FROM `sales`
JOIN `users` ON `users`.`id` = `sales`.`sales_rep`
WHERE `sales`.`client_id` = \'15\'')
 3 SYSTEMPATH\Database\BaseBuilder.php(1649): CodeIgniter\Database\BaseConnection->query('SELECT `sales`.`id` as `sales_id`, `sales`.`product_name`, `sales`.`quotation`, `users`.`first_name`, `users`.`last_name`
FROM `sales`
JOIN `users` ON `users`.`id` = `sales`.`sales_rep`
WHERE `sales`.`client_id` = :sales.client_id:', [...], false)
 4 APPPATH\Controllers\Shipping.php(41): CodeIgniter\Database\BaseBuilder->get()
 5 SYSTEMPATH\CodeIgniter.php(951): App\Controllers\Shipping->getSalesData('15')
 6 SYSTEMPATH\CodeIgniter.php(497): CodeIgniter\CodeIgniter->runController(Object(App\Controllers\Shipping))
 7 SYSTEMPATH\CodeIgniter.php(340): CodeIgniter\CodeIgniter->handleRequest(null, Object(Config\Cache), false)
 8 SYSTEMPATH\Boot.php(417): CodeIgniter\CodeIgniter->run()
 9 SYSTEMPATH\Boot.php(68): CodeIgniter\Boot::runCodeIgniter(Object(CodeIgniter\CodeIgniter))
10 FCPATH\index.php(59): CodeIgniter\Boot::bootWeb(Object(Config\Paths))
CRITICAL - 2026-03-21 11:10:20 --> [Caused by] mysqli_sql_exception: Unknown column 'sales.product_name' in 'field list'
in SYSTEMPATH\Database\MySQLi\Connection.php on line 300.
 1 SYSTEMPATH\Database\MySQLi\Connection.php(300): mysqli->query('SELECT `sales`.`id` as `sales_id`, `sales`.`product_name`, `sales`.`quotation`, `users`.`first_name`, `users`.`last_name`
FROM `sales`
JOIN `users` ON `users`.`id` = `sales`.`sales_rep`
WHERE `sales`.`client_id` = \'15\'', 0)
 2 SYSTEMPATH\Database\BaseConnection.php(769): CodeIgniter\Database\MySQLi\Connection->execute('SELECT `sales`.`id` as `sales_id`, `sales`.`product_name`, `sales`.`quotation`, `users`.`first_name`, `users`.`last_name`
FROM `sales`
JOIN `users` ON `users`.`id` = `sales`.`sales_rep`
WHERE `sales`.`client_id` = \'15\'')
 3 SYSTEMPATH\Database\BaseConnection.php(686): CodeIgniter\Database\BaseConnection->simpleQuery('SELECT `sales`.`id` as `sales_id`, `sales`.`product_name`, `sales`.`quotation`, `users`.`first_name`, `users`.`last_name`
FROM `sales`
JOIN `users` ON `users`.`id` = `sales`.`sales_rep`
WHERE `sales`.`client_id` = \'15\'')
 4 SYSTEMPATH\Database\BaseBuilder.php(1649): CodeIgniter\Database\BaseConnection->query('SELECT `sales`.`id` as `sales_id`, `sales`.`product_name`, `sales`.`quotation`, `users`.`first_name`, `users`.`last_name`
FROM `sales`
JOIN `users` ON `users`.`id` = `sales`.`sales_rep`
WHERE `sales`.`client_id` = :sales.client_id:', [...], false)
 5 APPPATH\Controllers\Shipping.php(41): CodeIgniter\Database\BaseBuilder->get()
 6 SYSTEMPATH\CodeIgniter.php(951): App\Controllers\Shipping->getSalesData('15')
 7 SYSTEMPATH\CodeIgniter.php(497): CodeIgniter\CodeIgniter->runController(Object(App\Controllers\Shipping))
 8 SYSTEMPATH\CodeIgniter.php(340): CodeIgniter\CodeIgniter->handleRequest(null, Object(Config\Cache), false)
 9 SYSTEMPATH\Boot.php(417): CodeIgniter\CodeIgniter->run()
10 SYSTEMPATH\Boot.php(68): CodeIgniter\Boot::runCodeIgniter(Object(CodeIgniter\CodeIgniter))
11 FCPATH\index.php(59): CodeIgniter\Boot::bootWeb(Object(Config\Paths))
DEBUG - 2026-03-21 11:11:25 --> Session: Class initialized using 'CodeIgniter\Session\Handlers\FileHandler' driver.
DEBUG - 2026-03-21 11:11:29 --> Session: Class initialized using 'CodeIgniter\Session\Handlers\FileHandler' driver.
DEBUG - 2026-03-21 11:17:23 --> Session: Class initialized using 'CodeIgniter\Session\Handlers\FileHandler' driver.
DEBUG - 2026-03-21 11:17:25 --> Session: Class initialized using 'CodeIgniter\Session\Handlers\FileHandler' driver.
DEBUG - 2026-03-21 11:17:26 --> Session: Class initialized using 'CodeIgniter\Session\Handlers\FileHandler' driver.
DEBUG - 2026-03-21 11:18:58 --> Session: Class initialized using 'CodeIgniter\Session\Handlers\FileHandler' driver.
DEBUG - 2026-03-21 11:19:29 --> Session: Class initialized using 'CodeIgniter\Session\Handlers\FileHandler' driver.
DEBUG - 2026-03-21 11:19:45 --> Session: Class initialized using 'CodeIgniter\Session\Handlers\FileHandler' driver.
DEBUG - 2026-03-21 11:20:17 --> Session: Class initialized using 'CodeIgniter\Session\Handlers\FileHandler' driver.
DEBUG - 2026-03-21 11:20:17 --> Session: Class initialized using 'CodeIgniter\Session\Handlers\FileHandler' driver.
DEBUG - 2026-03-21 11:21:32 --> Session: Class initialized using 'CodeIgniter\Session\Handlers\FileHandler' driver.
DEBUG - 2026-03-21 11:21:32 --> Session: Class initialized using 'CodeIgniter\Session\Handlers\FileHandler' driver.
DEBUG - 2026-03-21 11:21:53 --> Session: Class initialized using 'CodeIgniter\Session\Handlers\FileHandler' driver.
DEBUG - 2026-03-21 11:21:53 --> Session: Class initialized using 'CodeIgniter\Session\Handlers\FileHandler' driver.
DEBUG - 2026-03-21 11:23:26 --> Session: Class initialized using 'CodeIgniter\Session\Handlers\FileHandler' driver.
DEBUG - 2026-03-21 11:23:28 --> Session: Class initialized using 'CodeIgniter\Session\Handlers\FileHandler' driver.
DEBUG - 2026-03-21 11:23:29 --> Session: Class initialized using 'CodeIgniter\Session\Handlers\FileHandler' driver.
DEBUG - 2026-03-21 11:27:09 --> Session: Class initialized using 'CodeIgniter\Session\Handlers\FileHandler' driver.
DEBUG - 2026-03-21 11:27:09 --> Session: Class initialized using 'CodeIgniter\Session\Handlers\FileHandler' driver.
DEBUG - 2026-03-21 11:28:46 --> Session: Class initialized using 'CodeIgniter\Session\Handlers\FileHandler' driver.
DEBUG - 2026-03-21 11:28:57 --> Session: Class initialized using 'CodeIgniter\Session\Handlers\FileHandler' driver.
DEBUG - 2026-03-21 11:28:57 --> Session: Class initialized using 'CodeIgniter\Session\Handlers\FileHandler' driver.
DEBUG - 2026-03-21 11:29:03 --> Session: Class initialized using 'CodeIgniter\Session\Handlers\FileHandler' driver.
DEBUG - 2026-03-21 11:29:17 --> Session: Class initialized using 'CodeIgniter\Session\Handlers\FileHandler' driver.
DEBUG - 2026-03-21 11:29:17 --> Session: Class initialized using 'CodeIgniter\Session\Handlers\FileHandler' driver.
DEBUG - 2026-03-21 11:29:52 --> Session: Class initialized using 'CodeIgniter\Session\Handlers\FileHandler' driver.
DEBUG - 2026-03-21 11:36:42 --> Session: Class initialized using 'CodeIgniter\Session\Handlers\FileHandler' driver.
DEBUG - 2026-03-21 11:37:40 --> Session: Class initialized using 'CodeIgniter\Session\Handlers\FileHandler' driver.
DEBUG - 2026-03-21 11:38:38 --> Session: Class initialized using 'CodeIgniter\Session\Handlers\FileHandler' driver.
DEBUG - 2026-03-21 11:38:47 --> Session: Class initialized using 'CodeIgniter\Session\Handlers\FileHandler' driver.
DEBUG - 2026-03-21 11:38:47 --> Session: Class initialized using 'CodeIgniter\Session\Handlers\FileHandler' driver.
DEBUG - 2026-03-21 11:38:50 --> Session: Class initialized using 'CodeIgniter\Session\Handlers\FileHandler' driver.
DEBUG - 2026-03-21 11:38:56 --> Session: Class initialized using 'CodeIgniter\Session\Handlers\FileHandler' driver.
DEBUG - 2026-03-21 11:38:56 --> Session: Class initialized using 'CodeIgniter\Session\Handlers\FileHandler' driver.
DEBUG - 2026-03-21 11:39:00 --> Session: Class initialized using 'CodeIgniter\Session\Handlers\FileHandler' driver.
DEBUG - 2026-03-21 11:39:00 --> Session: Class initialized using 'CodeIgniter\Session\Handlers\FileHandler' driver.
DEBUG - 2026-03-21 11:39:10 --> Session: Class initialized using 'CodeIgniter\Session\Handlers\FileHandler' driver.
DEBUG - 2026-03-21 11:39:10 --> Session: Class initialized using 'CodeIgniter\Session\Handlers\FileHandler' driver.
DEBUG - 2026-03-21 11:39:13 --> Session: Class initialized using 'CodeIgniter\Session\Handlers\FileHandler' driver.
DEBUG - 2026-03-21 11:40:48 --> Session: Class initialized using 'CodeIgniter\Session\Handlers\FileHandler' driver.
DEBUG - 2026-03-21 11:40:49 --> Session: Class initialized using 'CodeIgniter\Session\Handlers\FileHandler' driver.
DEBUG - 2026-03-21 11:40:59 --> Session: Class initialized using 'CodeIgniter\Session\Handlers\FileHandler' driver.
DEBUG - 2026-03-21 11:40:59 --> Session: Class initialized using 'CodeIgniter\Session\Handlers\FileHandler' driver.
DEBUG - 2026-03-21 17:14:08 --> Session: Class initialized using 'CodeIgniter\Session\Handlers\FileHandler' driver.
DEBUG - 2026-03-21 11:44:08 --> Session: Class initialized using 'CodeIgniter\Session\Handlers\FileHandler' driver.
DEBUG - 2026-03-21 11:44:11 --> Session: Class initialized using 'CodeIgniter\Session\Handlers\FileHandler' driver.
DEBUG - 2026-03-21 11:44:12 --> Session: Class initialized using 'CodeIgniter\Session\Handlers\FileHandler' driver.
DEBUG - 2026-03-21 11:44:22 --> Session: Class initialized using 'CodeIgniter\Session\Handlers\FileHandler' driver.
DEBUG - 2026-03-21 11:44:22 --> Session: Class initialized using 'CodeIgniter\Session\Handlers\FileHandler' driver.
DEBUG - 2026-03-21 11:52:37 --> Session: Class initialized using 'CodeIgniter\Session\Handlers\FileHandler' driver.
DEBUG - 2026-03-21 11:52:38 --> Session: Class initialized using 'CodeIgniter\Session\Handlers\FileHandler' driver.
DEBUG - 2026-03-21 11:52:48 --> Session: Class initialized using 'CodeIgniter\Session\Handlers\FileHandler' driver.
DEBUG - 2026-03-21 11:52:48 --> Session: Class initialized using 'CodeIgniter\Session\Handlers\FileHandler' driver.
DEBUG - 2026-03-21 11:56:27 --> Session: Class initialized using 'CodeIgniter\Session\Handlers\FileHandler' driver.
DEBUG - 2026-03-21 11:56:28 --> Session: Class initialized using 'CodeIgniter\Session\Handlers\FileHandler' driver.
DEBUG - 2026-03-21 11:56:37 --> Session: Class initialized using 'CodeIgniter\Session\Handlers\FileHandler' driver.
DEBUG - 2026-03-21 11:56:37 --> Session: Class initialized using 'CodeIgniter\Session\Handlers\FileHandler' driver.
DEBUG - 2026-03-21 11:58:18 --> Session: Class initialized using 'CodeIgniter\Session\Handlers\FileHandler' driver.
DEBUG - 2026-03-21 11:58:20 --> Session: Class initialized using 'CodeIgniter\Session\Handlers\FileHandler' driver.
DEBUG - 2026-03-21 11:58:30 --> Session: Class initialized using 'CodeIgniter\Session\Handlers\FileHandler' driver.
DEBUG - 2026-03-21 11:58:30 --> Session: Class initialized using 'CodeIgniter\Session\Handlers\FileHandler' driver.
